Component: ARM Compiler 5.06 update 5 (build 528) Tool: armlink [4d35e2]

==============================================================================

Section Cross References

    startup_stm32f105xc.o(RESET) refers to startup_stm32f105xc.o(STACK) for __initial_sp
    startup_stm32f105xc.o(RESET) refers to startup_stm32f105xc.o(.text) for Reset_Handler
    startup_stm32f105xc.o(RESET) refers to stm32f1xx_it.o(i.NMI_Handler) for NMI_Handler
    startup_stm32f105xc.o(RESET) refers to stm32f1xx_it.o(i.HardFault_Handler) for HardFault_Handler
    startup_stm32f105xc.o(RESET) refers to stm32f1xx_it.o(i.MemManage_Handler) for MemManage_Handler
    startup_stm32f105xc.o(RESET) refers to stm32f1xx_it.o(i.BusFault_Handler) for BusFault_Handler
    startup_stm32f105xc.o(RESET) refers to stm32f1xx_it.o(i.UsageFault_Handler) for UsageFault_Handler
    startup_stm32f105xc.o(RESET) refers to stm32f1xx_it.o(i.SVC_Handler) for SVC_Handler
    startup_stm32f105xc.o(RESET) refers to stm32f1xx_it.o(i.DebugMon_Handler) for DebugMon_Handler
    startup_stm32f105xc.o(RESET) refers to stm32f1xx_it.o(i.PendSV_Handler) for PendSV_Handler
    startup_stm32f105xc.o(RESET) refers to stm32f1xx_it.o(i.SysTick_Handler) for SysTick_Handler
    startup_stm32f105xc.o(RESET) refers to stm32f1xx_it.o(i.DMA1_Channel2_IRQHandler) for DMA1_Channel2_IRQHandler
    startup_stm32f105xc.o(RESET) refers to stm32f1xx_it.o(i.DMA1_Channel3_IRQHandler) for DMA1_Channel3_IRQHandler
    startup_stm32f105xc.o(RESET) refers to stm32f1xx_it.o(i.SPI1_IRQHandler) for SPI1_IRQHandler
    startup_stm32f105xc.o(RESET) refers to stm32f1xx_it.o(i.OTG_FS_IRQHandler) for OTG_FS_IRQHandler
    startup_stm32f105xc.o(.text) refers to system_stm32f1xx.o(i.SystemInit) for SystemInit
    startup_stm32f105xc.o(.text) refers to entry.o(.ARM.Collect$$$$00000000) for __main
    system_stm32f1xx.o(i.SystemCoreClockUpdate) refers to system_stm32f1xx.o(.data) for .data
    system_stm32f1xx.o(i.SystemCoreClockUpdate) refers to system_stm32f1xx.o(.constdata) for .constdata
    stm32f1xx_hal_msp.o(i.HAL_MspInit) refers to stm32f1xx_hal_cortex.o(i.HAL_NVIC_SetPriorityGrouping) for HAL_NVIC_SetPriorityGrouping
    stm32f1xx_hal_msp.o(i.HAL_MspInit) refers to stm32f1xx_hal_cortex.o(i.HAL_NVIC_SetPriority) for HAL_NVIC_SetPriority
    stm32f1xx_hal_msp.o(i.HAL_SPI_MspDeInit) refers to stm32f1xx_hal_gpio.o(i.HAL_GPIO_DeInit) for HAL_GPIO_DeInit
    stm32f1xx_hal_msp.o(i.HAL_SPI_MspDeInit) refers to stm32f1xx_hal_dma.o(i.HAL_DMA_DeInit) for HAL_DMA_DeInit
    stm32f1xx_hal_msp.o(i.HAL_SPI_MspDeInit) refers to stm32f1xx_hal_cortex.o(i.HAL_NVIC_DisableIRQ) for HAL_NVIC_DisableIRQ
    stm32f1xx_hal_msp.o(i.HAL_SPI_MspInit) refers to stm32f1xx_hal_gpio.o(i.HAL_GPIO_Init) for HAL_GPIO_Init
    stm32f1xx_hal_msp.o(i.HAL_SPI_MspInit) refers to stm32f1xx_hal_dma.o(i.HAL_DMA_Init) for HAL_DMA_Init
    stm32f1xx_hal_msp.o(i.HAL_SPI_MspInit) refers to main.o(i._Error_Handler) for _Error_Handler
    stm32f1xx_hal_msp.o(i.HAL_SPI_MspInit) refers to stm32f1xx_hal_cortex.o(i.HAL_NVIC_SetPriority) for HAL_NVIC_SetPriority
    stm32f1xx_hal_msp.o(i.HAL_SPI_MspInit) refers to stm32f1xx_hal_cortex.o(i.HAL_NVIC_EnableIRQ) for HAL_NVIC_EnableIRQ
    stm32f1xx_hal_msp.o(i.HAL_SPI_MspInit) refers to main.o(.bss) for hdma_spi1_tx
    stm32f1xx_hal_msp.o(i.HAL_SPI_MspInit) refers to main.o(.bss) for hdma_spi1_rx
    stm32f1xx_hal_msp.o(i.HAL_USART_MspDeInit) refers to stm32f1xx_hal_gpio.o(i.HAL_GPIO_DeInit) for HAL_GPIO_DeInit
    stm32f1xx_hal_msp.o(i.HAL_USART_MspInit) refers to stm32f1xx_hal_gpio.o(i.HAL_GPIO_Init) for HAL_GPIO_Init
    usbd_desc.o(i.USBD_FS_ConfigStrDescriptor) refers to usbd_ctlreq.o(i.USBD_GetString) for USBD_GetString
    usbd_desc.o(i.USBD_FS_ConfigStrDescriptor) refers to usbd_desc.o(.bss) for .bss
    usbd_desc.o(i.USBD_FS_DeviceDescriptor) refers to usbd_desc.o(.data) for .data
    usbd_desc.o(i.USBD_FS_InterfaceStrDescriptor) refers to usbd_ctlreq.o(i.USBD_GetString) for USBD_GetString
    usbd_desc.o(i.USBD_FS_InterfaceStrDescriptor) refers to usbd_desc.o(.bss) for .bss
    usbd_desc.o(i.USBD_FS_LangIDStrDescriptor) refers to usbd_desc.o(.data) for .data
    usbd_desc.o(i.USBD_FS_ManufacturerStrDescriptor) refers to usbd_ctlreq.o(i.USBD_GetString) for USBD_GetString
    usbd_desc.o(i.USBD_FS_ManufacturerStrDescriptor) refers to usbd_desc.o(.bss) for .bss
    usbd_desc.o(i.USBD_FS_ProductStrDescriptor) refers to usbd_ctlreq.o(i.USBD_GetString) for USBD_GetString
    usbd_desc.o(i.USBD_FS_ProductStrDescriptor) refers to usbd_desc.o(.bss) for .bss
    usbd_desc.o(i.USBD_FS_SerialStrDescriptor) refers to usbd_ctlreq.o(i.USBD_GetString) for USBD_GetString
    usbd_desc.o(i.USBD_FS_SerialStrDescriptor) refers to usbd_desc.o(.bss) for .bss
    usbd_desc.o(.data) refers to usbd_desc.o(i.USBD_FS_DeviceDescriptor) for USBD_FS_DeviceDescriptor
    usbd_desc.o(.data) refers to usbd_desc.o(i.USBD_FS_LangIDStrDescriptor) for USBD_FS_LangIDStrDescriptor
[...]
    ../Middlewares/ST/STM32_USB_Device_Library/Core/Src/usbd_ctlreq.c 0x00000000   Number         0  usbd_ctlreq.o ABSOLUTE
    ../Middlewares/ST/STM32_USB_Device_Library/Core/Src/usbd_ioreq.c 0x00000000   Number         0  usbd_ioreq.o ABSOLUTE
    ../Src/main.c                            0x00000000   Number         0  main.o ABSOLUTE
    ../Src/stm32f1xx_hal_msp.c               0x00000000   Number         0  stm32f1xx_hal_msp.o ABSOLUTE
    ../Src/stm32f1xx_it.c                    0x00000000   Number         0  stm32f1xx_it.o ABSOLUTE
    ../Src/system_stm32f1xx.c                0x00000000   Number         0  system_stm32f1xx.o ABSOLUTE
    ../Src/usb_device.c                      0x00000000   Number         0  usb_device.o ABSOLUTE
    ../Src/usbd_cdc_if.c                     0x00000000   Number         0  usbd_cdc_if.o ABSOLUTE
    ../Src/usbd_conf.c                       0x00000000   Number         0  usbd_conf.o ABSOLUTE
    ../Src/usbd_desc.c                       0x00000000   Number         0  usbd_desc.o ABSOLUTE
    ../clib/../cmprslib/zerorunl2.c          0x00000000   Number         0  __dczerorl2.o ABSOLUTE
    ../clib/microlib/init/entry.s            0x00000000   Number         0  entry11b.o ABSOLUTE
    ../clib/microlib/init/entry.s            0x00000000   Number         0  entry11a.o ABSOLUTE
    ../clib/microlib/init/entry.s            0x00000000   Number         0  entry10b.o ABSOLUTE
    ../clib/microlib/init/entry.s            0x00000000   Number         0  entry10a.o ABSOLUTE
    ../clib/microlib/init/entry.s            0x00000000   Number         0  entry5.o ABSOLUTE
    ../clib/microlib/init/entry.s            0x00000000   Number         0  entry9a.o ABSOLUTE
    ../clib/microlib/init/entry.s            0x00000000   Number         0  entry8b.o ABSOLUTE
    ../clib/microlib/init/entry.s            0x00000000   Number         0  entry8a.o ABSOLUTE
    ../clib/microlib/init/entry.s            0x00000000   Number         0  entry9b.o ABSOLUTE
    ../clib/microlib/init/entry.s            0x00000000   Number         0  entry7a.o ABSOLUTE
    ../clib/microlib/init/entry.s            0x00000000   Number         0  entry7b.o ABSOLUTE
    ../clib/microlib/init/entry.s            0x00000000   Number         0  entry.o ABSOLUTE
    ../clib/microlib/init/entry.s            0x00000000   Number         0  entry2.o ABSOLUTE
    ../clib/microlib/longlong.c              0x00000000   Number         0  llushr.o ABSOLUTE
    ../clib/microlib/string/memcpy.c         0x00000000   Number         0  memcpya.o ABSOLUTE
    ../clib/microlib/string/memcpy.c         0x00000000   Number         0  memcpyb.o ABSOLUTE
    ../clib/microlib/string/strlen.c         0x00000000   Number         0  strlen.o ABSOLUTE
    ..\Drivers\STM32F1xx_HAL_Driver\Src\stm32f1xx_hal.c 0x00000000   Number         0  stm32f1xx_hal.o ABSOLUTE
    ..\Drivers\STM32F1xx_HAL_Driver\Src\stm32f1xx_hal_cortex.c 0x00000000   Number         0  stm32f1xx_hal_cortex.o ABSOLUTE
    ..\Drivers\STM32F1xx_HAL_Driver\Src\stm32f1xx_hal_crc.c 0x00000000   Number         0  stm32f1xx_hal_crc.o ABSOLUTE
    ..\Drivers\STM32F1xx_HAL_Driver\Src\stm32f1xx_hal_dma.c 0x00000000   Number         0  stm32f1xx_hal_dma.o ABSOLUTE
    ..\Drivers\STM32F1xx_HAL_Driver\Src\stm32f1xx_hal_flash.c 0x00000000   Number         0  stm32f1xx_hal_flash.o ABSOLUTE
    ..\Drivers\STM32F1xx_HAL_Driver\Src\stm32f1xx_hal_flash_ex.c 0x00000000   Number         0  stm32f1xx_hal_flash_ex.o ABSOLUTE
    ..\Drivers\STM32F1xx_HAL_Driver\Src\stm32f1xx_hal_gpio.c 0x00000000   Number         0  stm32f1xx_hal_gpio.o ABSOLUTE
    ..\Drivers\STM32F1xx_HAL_Driver\Src\stm32f1xx_hal_gpio_ex.c 0x00000000   Number         0  stm32f1xx_hal_gpio_ex.o ABSOLUTE
    ..\Drivers\STM32F1xx_HAL_Driver\Src\stm32f1xx_hal_iwdg.c 0x00000000   Number         0  stm32f1xx_hal_iwdg.o ABSOLUTE
    ..\Drivers\STM32F1xx_HAL_Driver\Src\stm32f1xx_hal_pcd.c 0x00000000   Number         0  stm32f1xx_hal_pcd.o ABSOLUTE
    ..\Drivers\STM32F1xx_HAL_Driver\Src\stm32f1xx_hal_pcd_ex.c 0x00000000   Number         0  stm32f1xx_hal_pcd_ex.o ABSOLUTE
    ..\Drivers\STM32F1xx_HAL_Driver\Src\stm32f1xx_hal_pwr.c 0x00000000   Number         0  stm32f1xx_hal_pwr.o ABSOLUTE
    ..\Drivers\STM32F1xx_HAL_Driver\Src\stm32f1xx_hal_rcc.c 0x00000000   Number         0  stm32f1xx_hal_rcc.o ABSOLUTE
    ..\Drivers\STM32F1xx_HAL_Driver\Src\stm32f1xx_hal_rcc_ex.c 0x00000000   Number         0  stm32f1xx_hal_rcc_ex.o ABSOLUTE
    ..\Drivers\STM32F1xx_HAL_Driver\Src\stm32f1xx_hal_spi.c 0x00000000   Number         0  stm32f1xx_hal_spi.o ABSOLUTE
    ..\Drivers\STM32F1xx_HAL_Driver\Src\stm32f1xx_hal_spi_ex.c 0x00000000   Number         0  stm32f1xx_hal_spi_ex.o ABSOLUTE
    ..\Drivers\STM32F1xx_HAL_Driver\Src\stm32f1xx_hal_tim.c 0x00000000   Number         0  stm32f1xx_hal_tim.o ABSOLUTE
    ..\Drivers\STM32F1xx_HAL_Driver\Src\stm32f1xx_hal_tim_ex.c 0x00000000   Number         0  stm32f1xx_hal_tim_ex.o ABSOLUTE
    ..\Drivers\STM32F1xx_HAL_Driver\Src\stm32f1xx_hal_usart.c 0x00000000   Number         0  stm32f1xx_hal_usart.o ABSOLUTE
    ..\Drivers\STM32F1xx_HAL_Driver\Src\stm32f1xx_ll_usb.c 0x00000000   Number         0  stm32f1xx_ll_usb.o ABSOLUTE
    ..\Middlewares\ST\STM32_USB_Device_Library\Class\CDC\Src\usbd_cdc.c 0x00000000   Number         0  usbd_cdc.o ABSOLUTE
    ..\Middlewares\ST\STM32_USB_Device_Library\Core\Src\usbd_core.c 0x00000000   Number         0  usbd_core.o ABSOLUTE
    ..\Middlewares\ST\STM32_USB_Device_Library\Core\Src\usbd_ctlreq.c 0x00000000   Number         0  usbd_ctlreq.o ABSOLUTE
    ..\Middlewares\ST\STM32_USB_Device_Library\Core\Src\usbd_ioreq.c 0x00000000   Number         0  usbd_ioreq.o ABSOLUTE
    ..\Src\main.c                            0x00000000   Number         0  main.o ABSOLUTE
    ..\Src\stm32f1xx_hal_msp.c               0x00000000   Number         0  stm32f1xx_hal_msp.o ABSOLUTE
    ..\Src\stm32f1xx_it.c                    0x00000000   Number         0  stm32f1xx_it.o ABSOLUTE
    ..\Src\system_stm32f1xx.c                0x00000000   Number         0  system_stm32f1xx.o ABSOLUTE
    ..\Src\usb_device.c                      0x00000000   Number         0  usb_device.o ABSOLUTE
    ..\Src\usbd_cdc_if.c                     0x00000000   Number         0  usbd_cdc_if.o ABSOLUTE
    ..\Src\usbd_conf.c                       0x00000000   Number         0  usbd_conf.o ABSOLUTE
    ..\Src\usbd_desc.c                       0x00000000   Number         0  usbd_desc.o ABSOLUTE
    dc.s                                     0x00000000   Number         0  dc.o ABSOLUTE
    handlers.s                               0x00000000   Number         0  handlers.o ABSOLUTE
    init.s                                   0x00000000   Number         0  init.o ABSOLUTE
    startup_stm32f105xc.s                    0x00000000   Number         0  startup_stm32f105xc.o ABSOLUTE
    RESET                                    0x08000000   Section      336  startup_stm32f105xc.o(RESET)
    .ARM.Collect$$$$00000000                 0x08000150   Section        0  entry.o(.ARM.Collect$$$$00000000)
    .ARM.Collect$$$$00000001                 0x08000150   Section        4  entry2.o(.ARM.Collect$$$$00000001)
    .ARM.Collect$$$$00000004                 0x08000154   Section        4  entry5.o(.ARM.Collect$$$$00000004)
    .ARM.Collect$$$$00000008                 0x08000158   Section        0  entry7b.o(.ARM.Collect$$$$00000008)
    .ARM.Collect$$$$0000000A                 0x08000158   Section        0  entry8b.o(.ARM.Collect$$$$0000000A)
    .ARM.Collect$$$$0000000B                 0x08000158   Section        8  entry9a.o(.ARM.Collect$$$$0000000B)
    .ARM.Collect$$$$0000000D                 0x08000160   Section        0  entry10a.o(.ARM.Collect$$$$0000000D)
    .ARM.Collect$$$$0000000F                 0x08000160   Section        0  entry11a.o(.ARM.Collect$$$$0000000F)
    .ARM.Collect$$$$00002712                 0x08000160   Section        4  entry2.o(.ARM.Collect$$$$00002712)
    __lit__00000000                          0x08000160   Data           4  entry2.o(.ARM.Collect$$$$00002712)
    .text                                    0x08000164   Section       36  startup_stm32f105xc.o(.text)
    .text                                    0x08000188   Section        0  memcpya.o(.text)
    .text                                    0x080001ac   Section        0  strlen.o(.text)
    .text                                    0x080001bc   Section       36  init.o(.text)
    .text                                    0x080001e0   Section        0  __dczerorl2.o(.text)
    i.BusFault_Handler                       0x08000236   Section        0  stm32f1xx_it.o(i.BusFault_Handler)
    i.CDC_Control_FS                         0x08000238   Section        0  usbd_cdc_if.o(i.CDC_Control_FS)
    CDC_Control_FS                           0x08000239   Thumb Code     4  usbd_cdc_if.o(i.CDC_Control_FS)
    i.CDC_DeInit_FS                          0x0800023c   Section        0  usbd_cdc_if.o(i.CDC_DeInit_FS)
    CDC_DeInit_FS                            0x0800023d   Thumb Code     4  usbd_cdc_if.o(i.CDC_DeInit_FS)
    i.CDC_Init_FS                            0x08000240   Section        0  usbd_cdc_if.o(i.CDC_Init_FS)
    CDC_Init_FS                              0x08000241   Thumb Code    24  usbd_cdc_if.o(i.CDC_Init_FS)
    i.CDC_Receive_FS                         0x08000264   Section        0  usbd_cdc_if.o(i.CDC_Receive_FS)
    CDC_Receive_FS                           0x08000265   Thumb Code    90  usbd_cdc_if.o(i.CDC_Receive_FS)
    i.CDC_Transmit_FS                        0x080002dc   Section        0  usbd_cdc_if.o(i.CDC_Transmit_FS)
    i.DMA1_Channel2_IRQHandler               0x08000308   Section        0  stm32f1xx_it.o(i.DMA1_Channel2_IRQHandler)
    i.DMA1_Channel3_IRQHandler               0x08000314   Section        0  stm32f1xx_it.o(i.DMA1_Channel3_IRQHandler)
    i.DebugMon_Handler                       0x08000320   Section        0  stm32f1xx_it.o(i.DebugMon_Handler)
    i.HAL_CRC_Init                           0x08000322   Section        0  stm32f1xx_hal_crc.o(i.HAL_CRC_Init)
    i.HAL_CRC_MspInit                        0x08000344   Section        0  stm32f1xx_hal_msp.o(i.HAL_CRC_MspInit)
    i.HAL_DMA_Abort_IT                       0x0800036c   Section        0  stm32f1xx_hal_dma.o(i.HAL_DMA_Abort_IT)
    i.HAL_DMA_IRQHandler                     0x0800049c   Section        0  stm32f1xx_hal_dma.o(i.HAL_DMA_IRQHandler)
    i.HAL_DMA_Init                           0x080006e4   Section        0  stm32f1xx_hal_dma.o(i.HAL_DMA_Init)
    i.HAL_Delay                              0x08000768   Section        0  stm32f1xx_hal.o(i.HAL_Delay)
    i.HAL_GPIO_Init                          0x08000784   Section        0  stm32f1xx_hal_gpio.o(i.HAL_GPIO_Init)
    i.HAL_GPIO_WritePin                      0x08000940   Section        0  stm32f1xx_hal_gpio.o(i.HAL_GPIO_WritePin)
    i.HAL_GetTick                            0x0800094c   Section        0  stm32f1xx_hal.o(i.HAL_GetTick)
    i.HAL_IWDG_Init                          0x08000958   Section        0  stm32f1xx_hal_iwdg.o(i.HAL_IWDG_Init)
    i.HAL_IncTick                            0x080009ac   Section        0  stm32f1xx_hal.o(i.HAL_IncTick)
    i.HAL_Init                               0x080009bc   Section        0  stm32f1xx_hal.o(i.HAL_Init)
    i.HAL_InitTick                           0x080009e0   Section        0  stm32f1xx_hal.o(i.HAL_InitTick)
    i.HAL_MspInit                            0x08000a08   Section        0  stm32f1xx_hal_msp.o(i.HAL_MspInit)
    i.HAL_NVIC_EnableIRQ                     0x08000a88   Section        0  stm32f1xx_hal_cortex.o(i.HAL_NVIC_EnableIRQ)
    i.HAL_NVIC_SetPriority                   0x08000aa0   Section        0  stm32f1xx_hal_cortex.o(i.HAL_NVIC_SetPriority)
    i.HAL_NVIC_SetPriorityGrouping           0x08000ae0   Section        0  stm32f1xx_hal_cortex.o(i.HAL_NVIC_SetPriorityGrouping)
    i.HAL_PCDEx_SetConnectionState           0x08000b04   Section        0  usbd_conf.o(i.HAL_PCDEx_SetConnectionState)
    i.HAL_PCDEx_SetRxFiFo                    0x08000b06   Section        0  stm32f1xx_hal_pcd_ex.o(i.HAL_PCDEx_SetRxFiFo)
    i.HAL_PCDEx_SetTxFiFo                    0x08000b0e   Section        0  stm32f1xx_hal_pcd_ex.o(i.HAL_PCDEx_SetTxFiFo)
    i.HAL_PCD_ConnectCallback                0x08000b52   Section        0  usbd_conf.o(i.HAL_PCD_ConnectCallback)
    i.HAL_PCD_DataInStageCallback            0x08000b5a   Section        0  usbd_conf.o(i.HAL_PCD_DataInStageCallback)
    i.HAL_PCD_DataOutStageCallback           0x08000b6c   Section        0  usbd_conf.o(i.HAL_PCD_DataOutStageCallback)
    i.HAL_PCD_DisconnectCallback             0x08000b80   Section        0  usbd_conf.o(i.HAL_PCD_DisconnectCallback)
    i.HAL_PCD_EP_Close                       0x08000b88   Section        0  stm32f1xx_hal_pcd.o(i.HAL_PCD_EP_Close)
    i.HAL_PCD_EP_ClrStall                    0x08000bcc   Section        0  stm32f1xx_hal_pcd.o(i.HAL_PCD_EP_ClrStall)
    i.HAL_PCD_EP_GetRxCount                  0x08000c1c   Section        0  stm32f1xx_hal_pcd.o(i.HAL_PCD_EP_GetRxCount)
    i.HAL_PCD_EP_Open                        0x08000c30   Section        0  stm32f1xx_hal_pcd.o(i.HAL_PCD_EP_Open)
    i.HAL_PCD_EP_Receive                     0x08000c78   Section        0  stm32f1xx_hal_pcd.o(i.HAL_PCD_EP_Receive)
    i.HAL_PCD_EP_SetStall                    0x08000cb2   Section        0  stm32f1xx_hal_pcd.o(i.HAL_PCD_EP_SetStall)
    i.HAL_PCD_EP_Transmit                    0x08000d10   Section        0  stm32f1xx_hal_pcd.o(i.HAL_PCD_EP_Transmit)
    i.HAL_PCD_IRQHandler                     0x08000d48   Section        0  stm32f1xx_hal_pcd.o(i.HAL_PCD_IRQHandler)
    i.HAL_PCD_ISOINIncompleteCallback        0x08001082   Section        0  usbd_conf.o(i.HAL_PCD_ISOINIncompleteCallback)
    i.HAL_PCD_ISOOUTIncompleteCallback       0x0800108a   Section        0  usbd_conf.o(i.HAL_PCD_ISOOUTIncompleteCallback)
    i.HAL_PCD_Init                           0x08001094   Section        0  stm32f1xx_hal_pcd.o(i.HAL_PCD_Init)
    i.HAL_PCD_MspInit                        0x0800115c   Section        0  usbd_conf.o(i.HAL_PCD_MspInit)
    i.HAL_PCD_ResetCallback                  0x08001194   Section        0  usbd_conf.o(i.HAL_PCD_ResetCallback)
    i.HAL_PCD_ResumeCallback                 0x080011b4   Section        0  usbd_conf.o(i.HAL_PCD_ResumeCallback)
    i.HAL_PCD_SOFCallback                    0x080011bc   Section        0  usbd_conf.o(i.HAL_PCD_SOFCallback)
    i.HAL_PCD_SetAddress                     0x080011c4   Section        0  stm32f1xx_hal_pcd.o(i.HAL_PCD_SetAddress)
    i.HAL_PCD_SetupStageCallback             0x080011ec   Section        0  usbd_conf.o(i.HAL_PCD_SetupStageCallback)
    i.HAL_PCD_Start                          0x080011fa   Section        0  stm32f1xx_hal_pcd.o(i.HAL_PCD_Start)
    i.HAL_PCD_SuspendCallback                0x0800122c   Section        0  usbd_conf.o(i.HAL_PCD_SuspendCallback)
    i.HAL_RCCEx_PeriphCLKConfig              0x0800125c   Section        0  stm32f1xx_hal_rcc_ex.o(i.HAL_RCCEx_PeriphCLKConfig)
    i.HAL_RCC_ClockConfig                    0x080013e4   Section        0  stm32f1xx_hal_rcc.o(i.HAL_RCC_ClockConfig)
    i.HAL_RCC_GetHCLKFreq                    0x08001538   Section        0  stm32f1xx_hal_rcc.o(i.HAL_RCC_GetHCLKFreq)
    i.HAL_RCC_GetPCLK1Freq                   0x08001544   Section        0  stm32f1xx_hal_rcc.o(i.HAL_RCC_GetPCLK1Freq)
    i.HAL_RCC_GetPCLK2Freq                   0x08001564   Section        0  stm32f1xx_hal_rcc.o(i.HAL_RCC_GetPCLK2Freq)
    i.HAL_RCC_GetSysClockFreq                0x08001584   Section        0  stm32f1xx_hal_rcc.o(i.HAL_RCC_GetSysClockFreq)
    i.HAL_RCC_OscConfig                      0x08001624   Section        0  stm32f1xx_hal_rcc.o(i.HAL_RCC_OscConfig)
    i.HAL_SPI_ErrorCallback                  0x080019ec   Section        0  stm32f1xx_hal_spi.o(i.HAL_SPI_ErrorCallback)
    i.HAL_SPI_IRQHandler                     0x080019f0   Section        0  stm32f1xx_hal_spi.o(i.HAL_SPI_IRQHandler)
    i.HAL_SPI_Init                           0x08001ab4   Section        0  stm32f1xx_hal_spi_ex.o(i.HAL_SPI_Init)
    i.HAL_SPI_MspInit                        0x08001b38   Section        0  stm32f1xx_hal_msp.o(i.HAL_SPI_MspInit)
    i.HAL_SYSTICK_CLKSourceConfig            0x08001c24   Section        0  stm32f1xx_hal_cortex.o(i.HAL_SYSTICK_CLKSourceConfig)
    i.HAL_SYSTICK_Callback                   0x08001c3c   Section        0  stm32f1xx_hal_cortex.o(i.HAL_SYSTICK_Callback)
    i.HAL_SYSTICK_Config                     0x08001c3e   Section        0  stm32f1xx_hal_cortex.o(i.HAL_SYSTICK_Config)
    i.HAL_SYSTICK_IRQHandler                 0x08001c66   Section        0  stm32f1xx_hal_cortex.o(i.HAL_SYSTICK_IRQHandler)
    i.HAL_USART_Init                         0x08001c6e   Section        0  stm32f1xx_hal_usart.o(i.HAL_USART_Init)
    i.HAL_USART_MspInit                      0x08001cc4   Section        0  stm32f1xx_hal_msp.o(i.HAL_USART_MspInit)
    i.HardFault_Handler                      0x08001d1c   Section        0  stm32f1xx_it.o(i.HardFault_Handler)
    i.MX_GPIO_Init                           0x08001d20   Section        0  main.o(i.MX_GPIO_Init)
    MX_GPIO_Init                             0x08001d21   Thumb Code   142  main.o(i.MX_GPIO_Init)
    i.MX_SPI1_Init                           0x08001dc0   Section        0  main.o(i.MX_SPI1_Init)
    MX_SPI1_Init                             0x08001dc1   Thumb Code    56  main.o(i.MX_SPI1_Init)
    i.MX_USART1_Init                         0x08001e00   Section        0  main.o(i.MX_USART1_Init)
    MX_USART1_Init                           0x08001e01   Thumb Code    44  main.o(i.MX_USART1_Init)
    i.MX_USB_DEVICE_Init                     0x08001e34   Section        0  usb_device.o(i.MX_USB_DEVICE_Init)
    i.MemManage_Handler                      0x08001e6c   Section        0  stm32f1xx_it.o(i.MemManage_Handler)
    i.NMI_Handler                            0x08001e6e   Section        0  stm32f1xx_it.o(i.NMI_Handler)
    i.NVIC_SetPriority                       0x08001e70   Section        0  stm32f1xx_hal_cortex.o(i.NVIC_SetPriority)
    NVIC_SetPriority                         0x08001e71   Thumb Code    32  stm32f1xx_hal_cortex.o(i.NVIC_SetPriority)
    i.OTG_FS_IRQHandler                      0x08001e90   Section        0  stm32f1xx_it.o(i.OTG_FS_IRQHandler)
    i.PCD_WriteEmptyTxFifo                   0x08001e9c   Section        0  stm32f1xx_hal_pcd.o(i.PCD_WriteEmptyTxFifo)
    PCD_WriteEmptyTxFifo                     0x08001e9d   Thumb Code   130  stm32f1xx_hal_pcd.o(i.PCD_WriteEmptyTxFifo)
    i.PendSV_Handler                         0x08001f1e   Section        0  stm32f1xx_it.o(i.PendSV_Handler)
    i.SPI1_IRQHandler                        0x08001f20   Section        0  stm32f1xx_it.o(i.SPI1_IRQHandler)
    i.SPI_DMAAbortOnError                    0x08001f2c   Section        0  stm32f1xx_hal_spi.o(i.SPI_DMAAbortOnError)
    SPI_DMAAbortOnError                      0x08001f2d   Thumb Code    16  stm32f1xx_hal_spi.o(i.SPI_DMAAbortOnError)
    i.SVC_Handler                            0x08001f3c   Section        0  stm32f1xx_it.o(i.SVC_Handler)
    i.SysTick_Handler                        0x08001f3e   Section        0  stm32f1xx_it.o(i.SysTick_Handler)
    i.SystemClock_Config                     0x08001f4c   Section        0  main.o(i.SystemClock_Config)
    i.SystemInit                             0x08001fd8   Section        0  system_stm32f1xx.o(i.SystemInit)
    i.USART_SetConfig                        0x0800202c   Section        0  stm32f1xx_hal_usart.o(i.USART_SetConfig)
    USART_SetConfig                          0x0800202d   Thumb Code   242  stm32f1xx_hal_usart.o(i.USART_SetConfig)
    i.USBD_CDC_DataIn                        0x08002124   Section        0  usbd_cdc.o(i.USBD_CDC_DataIn)
    USBD_CDC_DataIn                          0x08002125   Thumb Code    20  usbd_cdc.o(i.USBD_CDC_DataIn)
    i.USBD_CDC_DataOut                       0x08002138   Section        0  usbd_cdc.o(i.USBD_CDC_DataOut)
    USBD_CDC_DataOut                         0x08002139   Thumb Code    46  usbd_cdc.o(i.USBD_CDC_DataOut)
    i.USBD_CDC_DeInit                        0x08002166   Section        0  usbd_cdc.o(i.USBD_CDC_DeInit)
    USBD_CDC_DeInit                          0x08002167   Thumb Code    60  usbd_cdc.o(i.USBD_CDC_DeInit)
    i.USBD_CDC_EP0_RxReady                   0x080021a2   Section        0  usbd_cdc.o(i.USBD_CDC_EP0_RxReady)
    USBD_CDC_EP0_RxReady                     0x080021a3   Thumb Code    36  usbd_cdc.o(i.USBD_CDC_EP0_RxReady)
    i.USBD_CDC_GetDeviceQualifierDescriptor  0x080021c8   Section        0  usbd_cdc.o(i.USBD_CDC_GetDeviceQualifierDescriptor)
    i.USBD_CDC_GetFSCfgDesc                  0x080021d4   Section        0  usbd_cdc.o(i.USBD_CDC_GetFSCfgDesc)
    USBD_CDC_GetFSCfgDesc                    0x080021d5   Thumb Code     8  usbd_cdc.o(i.USBD_CDC_GetFSCfgDesc)
    i.USBD_CDC_GetHSCfgDesc                  0x080021e0   Section        0  usbd_cdc.o(i.USBD_CDC_GetHSCfgDesc)
    USBD_CDC_GetHSCfgDesc                    0x080021e1   Thumb Code     8  usbd_cdc.o(i.USBD_CDC_GetHSCfgDesc)
    i.USBD_CDC_GetOtherSpeedCfgDesc          0x080021ec   Section        0  usbd_cdc.o(i.USBD_CDC_GetOtherSpeedCfgDesc)
    USBD_CDC_GetOtherSpeedCfgDesc            0x080021ed   Thumb Code     8  usbd_cdc.o(i.USBD_CDC_GetOtherSpeedCfgDesc)
    i.USBD_CDC_Init                          0x080021f8   Section        0  usbd_cdc.o(i.USBD_CDC_Init)
    USBD_CDC_Init                            0x080021f9   Thumb Code   136  usbd_cdc.o(i.USBD_CDC_Init)
    i.USBD_CDC_ReceivePacket                 0x08002280   Section        0  usbd_cdc.o(i.USBD_CDC_ReceivePacket)
    i.USBD_CDC_RegisterInterface             0x080022a8   Section        0  usbd_cdc.o(i.USBD_CDC_RegisterInterface)
    i.USBD_CDC_SetRxBuffer                   0x080022b8   Section        0  usbd_cdc.o(i.USBD_CDC_SetRxBuffer)
    i.USBD_CDC_SetTxBuffer                   0x080022c4   Section        0  usbd_cdc.o(i.USBD_CDC_SetTxBuffer)
    i.USBD_CDC_Setup                         0x080022d4   Section        0  usbd_cdc.o(i.USBD_CDC_Setup)
    USBD_CDC_Setup                           0x080022d5   Thumb Code   106  usbd_cdc.o(i.USBD_CDC_Setup)
    i.USBD_CDC_TransmitPacket                0x08002344   Section        0  usbd_cdc.o(i.USBD_CDC_TransmitPacket)
    i.USBD_ClrClassConfig                    0x08002374   Section        0  usbd_core.o(i.USBD_ClrClassConfig)
    i.USBD_CtlContinueRx                     0x08002382   Section        0  usbd_ioreq.o(i.USBD_CtlContinueRx)
    i.USBD_CtlContinueSendData               0x08002392   Section        0  usbd_ioreq.o(i.USBD_CtlContinueSendData)
    i.USBD_CtlError                          0x080023a2   Section        0  usbd_ctlreq.o(i.USBD_CtlError)
    i.USBD_CtlPrepareRx                      0x080023b8   Section        0  usbd_ioreq.o(i.USBD_CtlPrepareRx)
    i.USBD_CtlReceiveStatus                  0x080023d6   Section        0  usbd_ioreq.o(i.USBD_CtlReceiveStatus)
    i.USBD_CtlSendData                       0x080023ec   Section        0  usbd_ioreq.o(i.USBD_CtlSendData)
    i.USBD_CtlSendStatus                     0x08002406   Section        0  usbd_ioreq.o(i.USBD_CtlSendStatus)
    i.USBD_FS_ConfigStrDescriptor            0x0800241c   Section        0  usbd_desc.o(i.USBD_FS_ConfigStrDescriptor)
    i.USBD_FS_DeviceDescriptor               0x0800243c   Section        0  usbd_desc.o(i.USBD_FS_DeviceDescriptor)
    i.USBD_FS_InterfaceStrDescriptor         0x08002448   Section        0  usbd_desc.o(i.USBD_FS_InterfaceStrDescriptor)
    i.USBD_FS_LangIDStrDescriptor            0x0800246c   Section        0  usbd_desc.o(i.USBD_FS_LangIDStrDescriptor)
    i.USBD_FS_ManufacturerStrDescriptor      0x08002478   Section        0  usbd_desc.o(i.USBD_FS_ManufacturerStrDescriptor)
    i.USBD_FS_ProductStrDescriptor           0x080024a0   Section        0  usbd_desc.o(i.USBD_FS_ProductStrDescriptor)
    i.USBD_FS_SerialStrDescriptor            0x080024cc   Section        0  usbd_desc.o(i.USBD_FS_SerialStrDescriptor)
    i.USBD_GetDescriptor                     0x080024f0   Section        0  usbd_ctlreq.o(i.USBD_GetDescriptor)
    USBD_GetDescriptor                       0x080024f1   Thumb Code   224  usbd_ctlreq.o(i.USBD_GetDescriptor)
    i.USBD_GetString                         0x080025d0   Section        0  usbd_ctlreq.o(i.USBD_GetString)
    i.USBD_Init                              0x08002616   Section        0  usbd_core.o(i.USBD_Init)
    i.USBD_LL_ClearStallEP                   0x08002640   Section        0  usbd_conf.o(i.USBD_LL_ClearStallEP)
    i.USBD_LL_CloseEP                        0x08002660   Section        0  usbd_conf.o(i.USBD_LL_CloseEP)
    i.USBD_LL_DataInStage                    0x08002680   Section        0  usbd_core.o(i.USBD_LL_DataInStage)
    i.USBD_LL_DataOutStage                   0x0800272a   Section        0  usbd_core.o(i.USBD_LL_DataOutStage)
    i.USBD_LL_DevConnected                   0x08002794   Section        0  usbd_core.o(i.USBD_LL_DevConnected)
    i.USBD_LL_DevDisconnected                0x08002798   Section        0  usbd_core.o(i.USBD_LL_DevDisconnected)
    i.USBD_LL_GetRxDataSize                  0x080027ae   Section        0  usbd_conf.o(i.USBD_LL_GetRxDataSize)
    i.USBD_LL_Init                           0x080027b8   Section        0  usbd_conf.o(i.USBD_LL_Init)
    i.USBD_LL_IsStallEP                      0x0800282c   Section        0  usbd_conf.o(i.USBD_LL_IsStallEP)
    i.USBD_LL_IsoINIncomplete                0x0800284c   Section        0  usbd_core.o(i.USBD_LL_IsoINIncomplete)
    i.USBD_LL_IsoOUTIncomplete               0x08002850   Section        0  usbd_core.o(i.USBD_LL_IsoOUTIncomplete)
    i.USBD_LL_OpenEP                         0x08002854   Section        0  usbd_conf.o(i.USBD_LL_OpenEP)
    i.USBD_LL_PrepareReceive                 0x0800287a   Section        0  usbd_conf.o(i.USBD_LL_PrepareReceive)
    i.USBD_LL_Reset                          0x0800289a   Section        0  usbd_core.o(i.USBD_LL_Reset)
    i.USBD_LL_Resume                         0x080028d8   Section        0  usbd_core.o(i.USBD_LL_Resume)
    i.USBD_LL_SOF                            0x080028e4   Section        0  usbd_core.o(i.USBD_LL_SOF)
    i.USBD_LL_SetSpeed                       0x080028fc   Section        0  usbd_core.o(i.USBD_LL_SetSpeed)
    i.USBD_LL_SetUSBAddress                  0x08002902   Section        0  usbd_conf.o(i.USBD_LL_SetUSBAddress)
    i.USBD_LL_SetupStage                     0x08002922   Section        0  usbd_core.o(i.USBD_LL_SetupStage)
    i.USBD_LL_StallEP                        0x0800297c   Section        0  usbd_conf.o(i.USBD_LL_StallEP)
    i.USBD_LL_Start                          0x0800299c   Section        0  usbd_conf.o(i.USBD_LL_Start)
    i.USBD_LL_Suspend                        0x080029bc   Section        0  usbd_core.o(i.USBD_LL_Suspend)
    i.USBD_LL_Transmit                       0x080029ce   Section        0  usbd_conf.o(i.USBD_LL_Transmit)
    i.USBD_ParseSetupRequest                 0x080029ee   Section        0  usbd_ctlreq.o(i.USBD_ParseSetupRequest)
    i.USBD_RegisterClass                     0x08002a16   Section        0  usbd_core.o(i.USBD_RegisterClass)
    i.USBD_SetClassConfig                    0x08002a26   Section        0  usbd_core.o(i.USBD_SetClassConfig)
    i.USBD_SetConfig                         0x08002a3c   Section        0  usbd_ctlreq.o(i.USBD_SetConfig)
    USBD_SetConfig                           0x08002a3d   Thumb Code   110  usbd_ctlreq.o(i.USBD_SetConfig)
    i.USBD_Start                             0x08002ab0   Section        0  usbd_core.o(i.USBD_Start)
    i.USBD_StdDevReq                         0x08002aba   Section        0  usbd_ctlreq.o(i.USBD_StdDevReq)
    i.USBD_StdEPReq                          0x08002bac   Section        0  usbd_ctlreq.o(i.USBD_StdEPReq)
    i.USBD_StdItfReq                         0x08002c88   Section        0  usbd_ctlreq.o(i.USBD_StdItfReq)
    i.USBD_static_free                       0x08002cbc   Section        0  usbd_conf.o(i.USBD_static_free)
    i.USBD_static_malloc                     0x08002cc0   Section        0  usbd_conf.o(i.USBD_static_malloc)
    i.USB_ActivateEndpoint                   0x08002cc8   Section        0  stm32f1xx_ll_usb.o(i.USB_ActivateEndpoint)
    i.USB_ActivateSetup                      0x08002d58   Section        0  stm32f1xx_ll_usb.o(i.USB_ActivateSetup)
    i.USB_CoreInit                           0x08002d8c   Section        0  stm32f1xx_ll_usb.o(i.USB_CoreInit)
    i.USB_CoreReset                          0x08002da8   Section        0  stm32f1xx_ll_usb.o(i.USB_CoreReset)
    USB_CoreReset                            0x08002da9   Thumb Code    70  stm32f1xx_ll_usb.o(i.USB_CoreReset)
    i.USB_DeactivateEndpoint                 0x08002df4   Section        0  stm32f1xx_ll_usb.o(i.USB_DeactivateEndpoint)
    i.USB_DevConnect                         0x08002e62   Section        0  stm32f1xx_ll_usb.o(i.USB_DevConnect)
    i.USB_DevDisconnect                      0x08002e7a   Section        0  stm32f1xx_ll_usb.o(i.USB_DevDisconnect)
    i.USB_DevInit                            0x08002e94   Section        0  stm32f1xx_ll_usb.o(i.USB_DevInit)
    i.USB_DisableGlobalInt                   0x08002fa0   Section        0  stm32f1xx_ll_usb.o(i.USB_DisableGlobalInt)
    i.USB_EP0StartXfer                       0x08002fac   Section        0  stm32f1xx_ll_usb.o(i.USB_EP0StartXfer)
    i.USB_EP0_OutStart                       0x080030c8   Section        0  stm32f1xx_ll_usb.o(i.USB_EP0_OutStart)
    i.USB_EPClearStall                       0x080030f6   Section        0  stm32f1xx_ll_usb.o(i.USB_EPClearStall)
    i.USB_EPSetStall                         0x0800315a   Section        0  stm32f1xx_ll_usb.o(i.USB_EPSetStall)
    i.USB_EPStartXfer                        0x080031b8   Section        0  stm32f1xx_ll_usb.o(i.USB_EPStartXfer)
    i.USB_EnableGlobalInt                    0x080033ac   Section        0  stm32f1xx_ll_usb.o(i.USB_EnableGlobalInt)
    i.USB_FlushRxFifo                        0x080033b8   Section        0  stm32f1xx_ll_usb.o(i.USB_FlushRxFifo)
    i.USB_FlushTxFifo                        0x080033d8   Section        0  stm32f1xx_ll_usb.o(i.USB_FlushTxFifo)
    i.USB_GetMode                            0x080033fc   Section        0  stm32f1xx_ll_usb.o(i.USB_GetMode)
    i.USB_ReadDevAllInEpInterrupt            0x08003404   Section        0  stm32f1xx_ll_usb.o(i.USB_ReadDevAllInEpInterrupt)
    i.USB_ReadDevAllOutEpInterrupt           0x08003412   Section        0  stm32f1xx_ll_usb.o(i.USB_ReadDevAllOutEpInterrupt)
    i.USB_ReadDevInEPInterrupt               0x08003420   Section        0  stm32f1xx_ll_usb.o(i.USB_ReadDevInEPInterrupt)
    i.USB_ReadDevOutEPInterrupt              0x0800343e   Section        0  stm32f1xx_ll_usb.o(i.USB_ReadDevOutEPInterrupt)
    i.USB_ReadInterrupts                     0x0800344e   Section        0  stm32f1xx_ll_usb.o(i.USB_ReadInterrupts)
    i.USB_ReadPacket                         0x08003456   Section        0  stm32f1xx_ll_usb.o(i.USB_ReadPacket)
    i.USB_SetCurrentMode                     0x08003476   Section        0  stm32f1xx_ll_usb.o(i.USB_SetCurrentMode)
    i.USB_SetDevAddress                      0x080034a2   Section        0  stm32f1xx_ll_usb.o(i.USB_SetDevAddress)
    i.USB_WritePacket                        0x080034c4   Section        0  stm32f1xx_ll_usb.o(i.USB_WritePacket)
    i.UsageFault_Handler                     0x080034e8   Section        0  stm32f1xx_it.o(i.UsageFault_Handler)
    i._Error_Handler                         0x080034ea   Section        0  main.o(i._Error_Handler)
    i.__scatterload_copy                     0x080034ec   Section       14  handlers.o(i.__scatterload_copy)
    i.__scatterload_null                     0x080034fa   Section        2  handlers.o(i.__scatterload_null)
    i.__scatterload_zeroinit                 0x080034fc   Section       14  handlers.o(i.__scatterload_zeroinit)
    i.main                                   0x0800350c   Section        0  main.o(i.main)
    .constdata                               0x08003598   Section       16  system_stm32f1xx.o(.constdata)
    .constdata                               0x080035a8   Section        8  system_stm32f1xx.o(.constdata)
    .data                                    0x20000000   Section        4  system_stm32f1xx.o(.data)
    .data                                    0x20000004   Section       28  usbd_desc.o(.data)
    .data                                    0x20000020   Section       22  usbd_desc.o(.data)
    .data                                    0x20000038   Section        8  main.o(.data)
    .data                                    0x20000040   Section       16  usbd_cdc_if.o(.data)
    .data                                    0x20000050   Section        1  usbd_ctlreq.o(.data)
    cfgidx                                   0x20000050   Data           1  usbd_ctlreq.o(.data)
    .data                                    0x20000054   Section      219  usbd_cdc.o(.data)
    ifalt                                    0x20000054   Data           1  usbd_cdc.o(.data)
    USBD_CDC_DeviceQualifierDesc             0x20000058   Data          10  usbd_cdc.o(.data)
    .data                                    0x20000130   Section       56  usbd_cdc.o(.data)
    .data                                    0x20000168   Section        4  stm32f1xx_hal.o(.data)
    .bss                                     0x2000016c   Section      512  usbd_desc.o(.bss)
    .bss                                     0x2000036c   Section      168  main.o(.bss)
    .bss                                     0x20000414   Section       68  main.o(.bss)
    .bss                                     0x20000458   Section       68  main.o(.bss)
    .bss                                     0x2000049c   Section     2000  usbd_cdc_if.o(.bss)
    .bss                                     0x20000c6c   Section     1536  usbd_conf.o(.bss)
    mem                                      0x20000c6c   Data         544  usbd_conf.o(.bss)
    .bss                                     0x2000126c   Section      548  usb_device.o(.bss)
    STACK                                    0x20001490   Section     1024  startup_stm32f105xc.o(STACK)

    Global Symbols

    Symbol Name                              Value     Ov Type        Size  Object(Section)

    BuildAttributes$$THM_ISAv4$P$D$K$B$S$PE$A:L22UL41UL21$X:L11$S22US41US21$IEEE1$IW$USESV6$~STKCKD$USESV7$~SHL$OSPACE$EBA8$MICROLIB$REQ8$PRES8$EABIv2 0x00000000   Number         0  anon$$obj.o ABSOLUTE
    __ARM_use_no_argv                        0x00000000   Number         0  main.o ABSOLUTE
    __cpp_initialize__aeabi_                  - Undefined Weak Reference
    __cxa_finalize                            - Undefined Weak Reference
    _clock_init                               - Undefined Weak Reference
    _microlib_exit                            - Undefined Weak Reference
    __Vectors_Size                           0x00000150   Number         0  startup_stm32f105xc.o ABSOLUTE
    __Vectors                                0x08000000   Data           4  startup_stm32f105xc.o(RESET)
    __Vectors_End                            0x08000150   Data           0  startup_stm32f105xc.o(RESET)
    __main                                   0x08000151   Thumb Code     0  entry.o(.ARM.Collect$$$$00000000)
    _main_stk                                0x08000151   Thumb Code     0  entry2.o(.ARM.Collect$$$$00000001)
    _main_scatterload                        0x08000155   Thumb Code     0  entry5.o(.ARM.Collect$$$$00000004)
    __main_after_scatterload                 0x08000159   Thumb Code     0  entry5.o(.ARM.Collect$$$$00000004)
    _main_clock                              0x08000159   Thumb Code     0  entry7b.o(.ARM.Collect$$$$00000008)
    _main_cpp_init                           0x08000159   Thumb Code     0  entry8b.o(.ARM.Collect$$$$0000000A)
    _main_init                               0x08000159   Thumb Code     0  entry9a.o(.ARM.Collect$$$$0000000B)
    __rt_final_cpp                           0x08000161   Thumb Code     0  entry10a.o(.ARM.Collect$$$$0000000D)
    __rt_final_exit                          0x08000161   Thumb Code     0  entry11a.o(.ARM.Collect$$$$0000000F)
    Reset_Handler                            0x08000165   Thumb Code     8  startup_stm32f105xc.o(.text)
    ADC1_2_IRQHandler                        0x0800017f   Thumb Code     0  startup_stm32f105xc.o(.text)
    CAN1_RX0_IRQHandler                      0x0800017f   Thumb Code     0  startup_stm32f105xc.o(.text)
    CAN1_RX1_IRQHandler                      0x0800017f   Thumb Code     0  startup_stm32f105xc.o(.text)
    CAN1_SCE_IRQHandler                      0x0800017f   Thumb Code     0  startup_stm32f105xc.o(.text)
    CAN1_TX_IRQHandler                       0x0800017f   Thumb Code     0  startup_stm32f105xc.o(.text)
    CAN2_RX0_IRQHandler                      0x0800017f   Thumb Code     0  startup_stm32f105xc.o(.text)
    CAN2_RX1_IRQHandler                      0x0800017f   Thumb Code     0  startup_stm32f105xc.o(.text)
    CAN2_SCE_IRQHandler                      0x0800017f   Thumb Code     0  startup_stm32f105xc.o(.text)
    CAN2_TX_IRQHandler                       0x0800017f   Thumb Code     0  startup_stm32f105xc.o(.text)
    DMA1_Channel1_IRQHandler                 0x0800017f   Thumb Code     0  startup_stm32f105xc.o(.text)
    DMA1_Channel4_IRQHandler                 0x0800017f   Thumb Code     0  startup_stm32f105xc.o(.text)
    DMA1_Channel5_IRQHandler                 0x0800017f   Thumb Code     0  startup_stm32f105xc.o(.text)
    DMA1_Channel6_IRQHandler                 0x0800017f   Thumb Code     0  startup_stm32f105xc.o(.text)
    DMA1_Channel7_IRQHandler                 0x0800017f   Thumb Code     0  startup_stm32f105xc.o(.text)
    DMA2_Channel1_IRQHandler                 0x0800017f   Thumb Code     0  startup_stm32f105xc.o(.text)
    DMA2_Channel2_IRQHandler                 0x0800017f   Thumb Code     0  startup_stm32f105xc.o(.text)
    DMA2_Channel3_IRQHandler                 0x0800017f   Thumb Code     0  startup_stm32f105xc.o(.text)
    DMA2_Channel4_IRQHandler                 0x0800017f   Thumb Code     0  startup_stm32f105xc.o(.text)
    DMA2_Channel5_IRQHandler                 0x0800017f   Thumb Code     0  startup_stm32f105xc.o(.text)
    EXTI0_IRQHandler                         0x0800017f   Thumb Code     0  startup_stm32f105xc.o(.text)
    EXTI15_10_IRQHandler                     0x0800017f   Thumb Code     0  startup_stm32f105xc.o(.text)
    EXTI1_IRQHandler                         0x0800017f   Thumb Code     0  startup_stm32f105xc.o(.text)
    EXTI2_IRQHandler                         0x0800017f   Thumb Code     0  startup_stm32f105xc.o(.text)
    EXTI3_IRQHandler                         0x0800017f   Thumb Code     0  startup_stm32f105xc.o(.text)
    EXTI4_IRQHandler                         0x0800017f   Thumb Code     0  startup_stm32f105xc.o(.text)
    EXTI9_5_IRQHandler                       0x0800017f   Thumb Code     0  startup_stm32f105xc.o(.text)
    FLASH_IRQHandler                         0x0800017f   Thumb Code     0  startup_stm32f105xc.o(.text)
    I2C1_ER_IRQHandler                       0x0800017f   Thumb Code     0  startup_stm32f105xc.o(.text)
    I2C1_EV_IRQHandler                       0x0800017f   Thumb Code     0  startup_stm32f105xc.o(.text)
    I2C2_ER_IRQHandler                       0x0800017f   Thumb Code     0  startup_stm32f105xc.o(.text)
    I2C2_EV_IRQHandler                       0x0800017f   Thumb Code     0  startup_stm32f105xc.o(.text)
    OTG_FS_WKUP_IRQHandler                   0x0800017f   Thumb Code     0  startup_stm32f105xc.o(.text)
    PVD_IRQHandler                           0x0800017f   Thumb Code     0  startup_stm32f105xc.o(.text)
    RCC_IRQHandler                           0x0800017f   Thumb Code     0  startup_stm32f105xc.o(.text)
    RTC_Alarm_IRQHandler                     0x0800017f   Thumb Code     0  startup_stm32f105xc.o(.text)
    RTC_IRQHandler                           0x0800017f   Thumb Code     0  startup_stm32f105xc.o(.text)
    SPI2_IRQHandler                          0x0800017f   Thumb Code     0  startup_stm32f105xc.o(.text)
    SPI3_IRQHandler                          0x0800017f   Thumb Code     0  startup_stm32f105xc.o(.text)
    TAMPER_IRQHandler                        0x0800017f   Thumb Code     0  startup_stm32f105xc.o(.text)
    TIM1_BRK_IRQHandler                      0x0800017f   Thumb Code     0  startup_stm32f105xc.o(.text)
    TIM1_CC_IRQHandler                       0x0800017f   Thumb Code     0  startup_stm32f105xc.o(.text)
    TIM1_TRG_COM_IRQHandler                  0x0800017f   Thumb Code     0  startup_stm32f105xc.o(.text)
    TIM1_UP_IRQHandler                       0x0800017f   Thumb Code     0  startup_stm32f105xc.o(.text)
    TIM2_IRQHandler                          0x0800017f   Thumb Code     0  startup_stm32f105xc.o(.text)
    TIM3_IRQHandler                          0x0800017f   Thumb Code     0  startup_stm32f105xc.o(.text)
    TIM4_IRQHandler                          0x0800017f   Thumb Code     0  startup_stm32f105xc.o(.text)
    TIM5_IRQHandler                          0x0800017f   Thumb Code     0  startup_stm32f105xc.o(.text)
    TIM6_IRQHandler                          0x0800017f   Thumb Code     0  startup_stm32f105xc.o(.text)
    TIM7_IRQHandler                          0x0800017f   Thumb Code     0  startup_stm32f105xc.o(.text)
    UART4_IRQHandler                         0x0800017f   Thumb Code     0  startup_stm32f105xc.o(.text)
    UART5_IRQHandler                         0x0800017f   Thumb Code     0  startup_stm32f105xc.o(.text)
    USART1_IRQHandler                        0x0800017f   Thumb Code     0  startup_stm32f105xc.o(.text)
    USART2_IRQHandler                        0x0800017f   Thumb Code     0  startup_stm32f105xc.o(.text)
    USART3_IRQHandler                        0x0800017f   Thumb Code     0  startup_stm32f105xc.o(.text)
    WWDG_IRQHandler                          0x0800017f   Thumb Code     0  startup_stm32f105xc.o(.text)
    __aeabi_memcpy                           0x08000189   Thumb Code    36  memcpya.o(.text)
    __aeabi_memcpy4                          0x08000189   Thumb Code     0  memcpya.o(.text)
    __aeabi_memcpy8                          0x08000189   Thumb Code     0  memcpya.o(.text)
    strlen                                   0x080001ad   Thumb Code    14  strlen.o(.text)
    __scatterload                            0x080001bd   Thumb Code    28  init.o(.text)
    __scatterload_rt2                        0x080001bd   Thumb Code     0  init.o(.text)
    __decompress                             0x080001e1   Thumb Code     0  __dczerorl2.o(.text)
    __decompress1                            0x080001e1   Thumb Code    86  __dczerorl2.o(.text)
    BusFault_Handler                         0x08000237   Thumb Code     2  stm32f1xx_it.o(i.BusFault_Handler)
    CDC_Transmit_FS                          0x080002dd   Thumb Code    38  usbd_cdc_if.o(i.CDC_Transmit_FS)
    DMA1_Channel2_IRQHandler                 0x08000309   Thumb Code     6  stm32f1xx_it.o(i.DMA1_Channel2_IRQHandler)
    DMA1_Channel3_IRQHandler                 0x08000315   Thumb Code     6  stm32f1xx_it.o(i.DMA1_Channel3_IRQHandler)
    DebugMon_Handler                         0x08000321   Thumb Code     2  stm32f1xx_it.o(i.DebugMon_Handler)
    HAL_CRC_Init                             0x08000323   Thumb Code    34  stm32f1xx_hal_crc.o(i.HAL_CRC_Init)
    HAL_CRC_MspInit                          0x08000345   Thumb Code    30  stm32f1xx_hal_msp.o(i.HAL_CRC_MspInit)
    HAL_DMA_Abort_IT                         0x0800036d   Thumb Code   296  stm32f1xx_hal_dma.o(i.HAL_DMA_Abort_IT)
    HAL_DMA_IRQHandler                       0x0800049d   Thumb Code   552  stm32f1xx_hal_dma.o(i.HAL_DMA_IRQHandler)
    HAL_DMA_Init                             0x080006e5   Thumb Code   120  stm32f1xx_hal_dma.o(i.HAL_DMA_Init)
    HAL_Delay                                0x08000769   Thumb Code    28  stm32f1xx_hal.o(i.HAL_Delay)
    HAL_GPIO_Init                            0x08000785   Thumb Code   408  stm32f1xx_hal_gpio.o(i.HAL_GPIO_Init)
    HAL_GPIO_WritePin                        0x08000941   Thumb Code    10  stm32f1xx_hal_gpio.o(i.HAL_GPIO_WritePin)
    HAL_GetTick                              0x0800094d   Thumb Code     6  stm32f1xx_hal.o(i.HAL_GetTick)
    HAL_IWDG_Init                            0x08000959   Thumb Code    82  stm32f1xx_hal_iwdg.o(i.HAL_IWDG_Init)
    HAL_IncTick                              0x080009ad   Thumb Code    10  stm32f1xx_hal.o(i.HAL_IncTick)
    HAL_Init                                 0x080009bd   Thumb Code    32  stm32f1xx_hal.o(i.HAL_Init)
    HAL_InitTick                             0x080009e1   Thumb Code    34  stm32f1xx_hal.o(i.HAL_InitTick)
    HAL_MspInit                              0x08000a09   Thumb Code   118  stm32f1xx_hal_msp.o(i.HAL_MspInit)
    HAL_NVIC_EnableIRQ                       0x08000a89   Thumb Code    22  stm32f1xx_hal_cortex.o(i.HAL_NVIC_EnableIRQ)
    HAL_NVIC_SetPriority                     0x08000aa1   Thumb Code    60  stm32f1xx_hal_cortex.o(i.HAL_NVIC_SetPriority)
    HAL_NVIC_SetPriorityGrouping             0x08000ae1   Thumb Code    26  stm32f1xx_hal_cortex.o(i.HAL_NVIC_SetPriorityGrouping)
    HAL_PCDEx_SetConnectionState             0x08000b05   Thumb Code     2  usbd_conf.o(i.HAL_PCDEx_SetConnectionState)
    HAL_PCDEx_SetRxFiFo                      0x08000b07   Thumb Code     8  stm32f1xx_hal_pcd_ex.o(i.HAL_PCDEx_SetRxFiFo)
    HAL_PCDEx_SetTxFiFo                      0x08000b0f   Thumb Code    68  stm32f1xx_hal_pcd_ex.o(i.HAL_PCDEx_SetTxFiFo)
    HAL_PCD_ConnectCallback                  0x08000b53   Thumb Code     8  usbd_conf.o(i.HAL_PCD_ConnectCallback)
    HAL_PCD_DataInStageCallback              0x08000b5b   Thumb Code    18  usbd_conf.o(i.HAL_PCD_DataInStageCallback)
    HAL_PCD_DataOutStageCallback             0x08000b6d   Thumb Code    20  usbd_conf.o(i.HAL_PCD_DataOutStageCallback)
    HAL_PCD_DisconnectCallback               0x08000b81   Thumb Code     8  usbd_conf.o(i.HAL_PCD_DisconnectCallback)
    HAL_PCD_EP_Close                         0x08000b89   Thumb Code    68  stm32f1xx_hal_pcd.o(i.HAL_PCD_EP_Close)
    HAL_PCD_EP_ClrStall                      0x08000bcd   Thumb Code    80  stm32f1xx_hal_pcd.o(i.HAL_PCD_EP_ClrStall)
    HAL_PCD_EP_GetRxCount                    0x08000c1d   Thumb Code    20  stm32f1xx_hal_pcd.o(i.HAL_PCD_EP_GetRxCount)
    HAL_PCD_EP_Open                          0x08000c31   Thumb Code    72  stm32f1xx_hal_pcd.o(i.HAL_PCD_EP_Open)
    HAL_PCD_EP_Receive                       0x08000c79   Thumb Code    58  stm32f1xx_hal_pcd.o(i.HAL_PCD_EP_Receive)
    HAL_PCD_EP_SetStall                      0x08000cb3   Thumb Code    94  stm32f1xx_hal_pcd.o(i.HAL_PCD_EP_SetStall)
    HAL_PCD_EP_Transmit                      0x08000d11   Thumb Code    54  stm32f1xx_hal_pcd.o(i.HAL_PCD_EP_Transmit)
    HAL_PCD_IRQHandler                       0x08000d49   Thumb Code   826  stm32f1xx_hal_pcd.o(i.HAL_PCD_IRQHandler)
    HAL_PCD_ISOINIncompleteCallback          0x08001083   Thumb Code     8  usbd_conf.o(i.HAL_PCD_ISOINIncompleteCallback)
    HAL_PCD_ISOOUTIncompleteCallback         0x0800108b   Thumb Code     8  usbd_conf.o(i.HAL_PCD_ISOOUTIncompleteCallback)
    HAL_PCD_Init                             0x08001095   Thumb Code   200  stm32f1xx_hal_pcd.o(i.HAL_PCD_Init)
    HAL_PCD_MspInit                          0x0800115d   Thumb Code    50  usbd_conf.o(i.HAL_PCD_MspInit)
    HAL_PCD_ResetCallback                    0x08001195   Thumb Code    32  usbd_conf.o(i.HAL_PCD_ResetCallback)
    HAL_PCD_ResumeCallback                   0x080011b5   Thumb Code     8  usbd_conf.o(i.HAL_PCD_ResumeCallback)
    HAL_PCD_SOFCallback                      0x080011bd   Thumb Code     8  usbd_conf.o(i.HAL_PCD_SOFCallback)
    HAL_PCD_SetAddress                       0x080011c5   Thumb Code    40  stm32f1xx_hal_pcd.o(i.HAL_PCD_SetAddress)
    HAL_PCD_SetupStageCallback               0x080011ed   Thumb Code    14  usbd_conf.o(i.HAL_PCD_SetupStageCallback)
    HAL_PCD_Start                            0x080011fb   Thumb Code    50  stm32f1xx_hal_pcd.o(i.HAL_PCD_Start)
    HAL_PCD_SuspendCallback                  0x0800122d   Thumb Code    44  usbd_conf.o(i.HAL_PCD_SuspendCallback)
    HAL_RCCEx_PeriphCLKConfig                0x0800125d   Thumb Code   374  stm32f1xx_hal_rcc_ex.o(i.HAL_RCCEx_PeriphCLKConfig)
    HAL_RCC_ClockConfig                      0x080013e5   Thumb Code   322  stm32f1xx_hal_rcc.o(i.HAL_RCC_ClockConfig)
    HAL_RCC_GetHCLKFreq                      0x08001539   Thumb Code     6  stm32f1xx_hal_rcc.o(i.HAL_RCC_GetHCLKFreq)
    HAL_RCC_GetPCLK1Freq                     0x08001545   Thumb Code    20  stm32f1xx_hal_rcc.o(i.HAL_RCC_GetPCLK1Freq)
    HAL_RCC_GetPCLK2Freq                     0x08001565   Thumb Code    20  stm32f1xx_hal_rcc.o(i.HAL_RCC_GetPCLK2Freq)
    HAL_RCC_GetSysClockFreq                  0x08001585   Thumb Code   116  stm32f1xx_hal_rcc.o(i.HAL_RCC_GetSysClockFreq)
    HAL_RCC_OscConfig                        0x08001625   Thumb Code   946  stm32f1xx_hal_rcc.o(i.HAL_RCC_OscConfig)
    HAL_SPI_ErrorCallback                    0x080019ed   Thumb Code     2  stm32f1xx_hal_spi.o(i.HAL_SPI_ErrorCallback)
    HAL_SPI_IRQHandler                       0x080019f1   Thumb Code   190  stm32f1xx_hal_spi.o(i.HAL_SPI_IRQHandler)
    HAL_SPI_Init                             0x08001ab5   Thumb Code   130  stm32f1xx_hal_spi_ex.o(i.HAL_SPI_Init)
    HAL_SPI_MspInit                          0x08001b39   Thumb Code   182  stm32f1xx_hal_msp.o(i.HAL_SPI_MspInit)
    HAL_SYSTICK_CLKSourceConfig              0x08001c25   Thumb Code    24  stm32f1xx_hal_cortex.o(i.HAL_SYSTICK_CLKSourceConfig)
    HAL_SYSTICK_Callback                     0x08001c3d   Thumb Code     2  stm32f1xx_hal_cortex.o(i.HAL_SYSTICK_Callback)
    HAL_SYSTICK_Config                       0x08001c3f   Thumb Code    40  stm32f1xx_hal_cortex.o(i.HAL_SYSTICK_Config)
    HAL_SYSTICK_IRQHandler                   0x08001c67   Thumb Code     8  stm32f1xx_hal_cortex.o(i.HAL_SYSTICK_IRQHandler)
    HAL_USART_Init                           0x08001c6f   Thumb Code    84  stm32f1xx_hal_usart.o(i.HAL_USART_Init)
    HAL_USART_MspInit                        0x08001cc5   Thumb Code    76  stm32f1xx_hal_msp.o(i.HAL_USART_MspInit)
    HardFault_Handler                        0x08001d1d   Thumb Code     2  stm32f1xx_it.o(i.HardFault_Handler)
    MX_USB_DEVICE_Init                       0x08001e35   Thumb Code    38  usb_device.o(i.MX_USB_DEVICE_Init)
    MemManage_Handler                        0x08001e6d   Thumb Code     2  stm32f1xx_it.o(i.MemManage_Handler)
    NMI_Handler                              0x08001e6f   Thumb Code     2  stm32f1xx_it.o(i.NMI_Handler)
    OTG_FS_IRQHandler                        0x08001e91   Thumb Code     6  stm32f1xx_it.o(i.OTG_FS_IRQHandler)
    PendSV_Handler                           0x08001f1f   Thumb Code     2  stm32f1xx_it.o(i.PendSV_Handler)
    SPI1_IRQHandler                          0x08001f21   Thumb Code     6  stm32f1xx_it.o(i.SPI1_IRQHandler)
    SVC_Handler                              0x08001f3d   Thumb Code     2  stm32f1xx_it.o(i.SVC_Handler)
    SysTick_Handler                          0x08001f3f   Thumb Code    14  stm32f1xx_it.o(i.SysTick_Handler)
    SystemClock_Config                       0x08001f4d   Thumb Code   134  main.o(i.SystemClock_Config)
    SystemInit                               0x08001fd9   Thumb Code    68  system_stm32f1xx.o(i.SystemInit)
    USBD_CDC_GetDeviceQualifierDescriptor    0x080021c9   Thumb Code     8  usbd_cdc.o(i.USBD_CDC_GetDeviceQualifierDescriptor)
    USBD_CDC_ReceivePacket                   0x08002281   Thumb Code    40  usbd_cdc.o(i.USBD_CDC_ReceivePacket)
    USBD_CDC_RegisterInterface               0x080022a9   Thumb Code    16  usbd_cdc.o(i.USBD_CDC_RegisterInterface)
    USBD_CDC_SetRxBuffer                     0x080022b9   Thumb Code    12  usbd_cdc.o(i.USBD_CDC_SetRxBuffer)
    USBD_CDC_SetTxBuffer                     0x080022c5   Thumb Code    16  usbd_cdc.o(i.USBD_CDC_SetTxBuffer)
    USBD_CDC_TransmitPacket                  0x08002345   Thumb Code    48  usbd_cdc.o(i.USBD_CDC_TransmitPacket)
    USBD_ClrClassConfig                      0x08002375   Thumb Code    14  usbd_core.o(i.USBD_ClrClassConfig)
    USBD_CtlContinueRx                       0x08002383   Thumb Code    16  usbd_ioreq.o(i.USBD_CtlContinueRx)
    USBD_CtlContinueSendData                 0x08002393   Thumb Code    16  usbd_ioreq.o(i.USBD_CtlContinueSendData)
    USBD_CtlError                            0x080023a3   Thumb Code    22  usbd_ctlreq.o(i.USBD_CtlError)
    USBD_CtlPrepareRx                        0x080023b9   Thumb Code    30  usbd_ioreq.o(i.USBD_CtlPrepareRx)
    USBD_CtlReceiveStatus                    0x080023d7   Thumb Code    22  usbd_ioreq.o(i.USBD_CtlReceiveStatus)
    USBD_CtlSendData                         0x080023ed   Thumb Code    26  usbd_ioreq.o(i.USBD_CtlSendData)
    USBD_CtlSendStatus                       0x08002407   Thumb Code    22  usbd_ioreq.o(i.USBD_CtlSendStatus)
    USBD_FS_ConfigStrDescriptor              0x0800241d   Thumb Code    16  usbd_desc.o(i.USBD_FS_ConfigStrDescriptor)
    USBD_FS_DeviceDescriptor                 0x0800243d   Thumb Code     8  usbd_desc.o(i.USBD_FS_DeviceDescriptor)
    USBD_FS_InterfaceStrDescriptor           0x08002449   Thumb Code    16  usbd_desc.o(i.USBD_FS_InterfaceStrDescriptor)
    USBD_FS_LangIDStrDescriptor              0x0800246d   Thumb Code     8  usbd_desc.o(i.USBD_FS_LangIDStrDescriptor)
    USBD_FS_ManufacturerStrDescriptor        0x08002479   Thumb Code    16  usbd_desc.o(i.USBD_FS_ManufacturerStrDescriptor)
    USBD_FS_ProductStrDescriptor             0x080024a1   Thumb Code    16  usbd_desc.o(i.USBD_FS_ProductStrDescriptor)
    USBD_FS_SerialStrDescriptor              0x080024cd   Thumb Code    16  usbd_desc.o(i.USBD_FS_SerialStrDescriptor)
    USBD_GetString                           0x080025d1   Thumb Code    70  usbd_ctlreq.o(i.USBD_GetString)
    USBD_Init                                0x08002617   Thumb Code    42  usbd_core.o(i.USBD_Init)
    USBD_LL_ClearStallEP                     0x08002641   Thumb Code    32  usbd_conf.o(i.USBD_LL_ClearStallEP)
    USBD_LL_CloseEP                          0x08002661   Thumb Code    32  usbd_conf.o(i.USBD_LL_CloseEP)
    USBD_LL_DataInStage                      0x08002681   Thumb Code   170  usbd_core.o(i.USBD_LL_DataInStage)
    USBD_LL_DataOutStage                     0x0800272b   Thumb Code   106  usbd_core.o(i.USBD_LL_DataOutStage)
    USBD_LL_DevConnected                     0x08002795   Thumb Code     4  usbd_core.o(i.USBD_LL_DevConnected)
    USBD_LL_DevDisconnected                  0x08002799   Thumb Code    22  usbd_core.o(i.USBD_LL_DevDisconnected)
    USBD_LL_GetRxDataSize                    0x080027af   Thumb Code     8  usbd_conf.o(i.USBD_LL_GetRxDataSize)
    USBD_LL_Init                             0x080027b9   Thumb Code    90  usbd_conf.o(i.USBD_LL_Init)
    USBD_LL_IsStallEP                        0x0800282d   Thumb Code    32  usbd_conf.o(i.USBD_LL_IsStallEP)
    USBD_LL_IsoINIncomplete                  0x0800284d   Thumb Code     4  usbd_core.o(i.USBD_LL_IsoINIncomplete)
    USBD_LL_IsoOUTIncomplete                 0x08002851   Thumb Code     4  usbd_core.o(i.USBD_LL_IsoOUTIncomplete)
    USBD_LL_OpenEP                           0x08002855   Thumb Code    38  usbd_conf.o(i.USBD_LL_OpenEP)
    USBD_LL_PrepareReceive                   0x0800287b   Thumb Code    32  usbd_conf.o(i.USBD_LL_PrepareReceive)
    USBD_LL_Reset                            0x0800289b   Thumb Code    62  usbd_core.o(i.USBD_LL_Reset)
    USBD_LL_Resume                           0x080028d9   Thumb Code    12  usbd_core.o(i.USBD_LL_Resume)
    USBD_LL_SOF                              0x080028e5   Thumb Code    24  usbd_core.o(i.USBD_LL_SOF)
    USBD_LL_SetSpeed                         0x080028fd   Thumb Code     6  usbd_core.o(i.USBD_LL_SetSpeed)
    USBD_LL_SetUSBAddress                    0x08002903   Thumb Code    32  usbd_conf.o(i.USBD_LL_SetUSBAddress)
    USBD_LL_SetupStage                       0x08002923   Thumb Code    90  usbd_core.o(i.USBD_LL_SetupStage)
    USBD_LL_StallEP                          0x0800297d   Thumb Code    32  usbd_conf.o(i.USBD_LL_StallEP)
    USBD_LL_Start                            0x0800299d   Thumb Code    32  usbd_conf.o(i.USBD_LL_Start)
    USBD_LL_Suspend                          0x080029bd   Thumb Code    18  usbd_core.o(i.USBD_LL_Suspend)
    USBD_LL_Transmit                         0x080029cf   Thumb Code    32  usbd_conf.o(i.USBD_LL_Transmit)
    USBD_ParseSetupRequest                   0x080029ef   Thumb Code    40  usbd_ctlreq.o(i.USBD_ParseSetupRequest)
    USBD_RegisterClass                       0x08002a17   Thumb Code    16  usbd_core.o(i.USBD_RegisterClass)
    USBD_SetClassConfig                      0x08002a27   Thumb Code    22  usbd_core.o(i.USBD_SetClassConfig)
    USBD_Start                               0x08002ab1   Thumb Code    10  usbd_core.o(i.USBD_Start)
    USBD_StdDevReq                           0x08002abb   Thumb Code   242  usbd_ctlreq.o(i.USBD_StdDevReq)
    USBD_StdEPReq                            0x08002bad   Thumb Code   220  usbd_ctlreq.o(i.USBD_StdEPReq)
    USBD_StdItfReq                           0x08002c89   Thumb Code    52  usbd_ctlreq.o(i.USBD_StdItfReq)
    USBD_static_free                         0x08002cbd   Thumb Code     2  usbd_conf.o(i.USBD_static_free)
    USBD_static_malloc                       0x08002cc1   Thumb Code     4  usbd_conf.o(i.USBD_static_malloc)
    USB_ActivateEndpoint                     0x08002cc9   Thumb Code   138  stm32f1xx_ll_usb.o(i.USB_ActivateEndpoint)
    USB_ActivateSetup                        0x08002d59   Thumb Code    52  stm32f1xx_ll_usb.o(i.USB_ActivateSetup)
    USB_CoreInit                             0x08002d8d   Thumb Code    28  stm32f1xx_ll_usb.o(i.USB_CoreInit)
    USB_DeactivateEndpoint                   0x08002df5   Thumb Code   110  stm32f1xx_ll_usb.o(i.USB_DeactivateEndpoint)
    USB_DevConnect                           0x08002e63   Thumb Code    24  stm32f1xx_ll_usb.o(i.USB_DevConnect)
    USB_DevDisconnect                        0x08002e7b   Thumb Code    24  stm32f1xx_ll_usb.o(i.USB_DevDisconnect)
    USB_DevInit                              0x08002e95   Thumb Code   260  stm32f1xx_ll_usb.o(i.USB_DevInit)
    USB_DisableGlobalInt                     0x08002fa1   Thumb Code    12  stm32f1xx_ll_usb.o(i.USB_DisableGlobalInt)
    USB_EP0StartXfer                         0x08002fad   Thumb Code   280  stm32f1xx_ll_usb.o(i.USB_EP0StartXfer)
    USB_EP0_OutStart                         0x080030c9   Thumb Code    46  stm32f1xx_ll_usb.o(i.USB_EP0_OutStart)
    USB_EPClearStall                         0x080030f7   Thumb Code   100  stm32f1xx_ll_usb.o(i.USB_EPClearStall)
    USB_EPSetStall                           0x0800315b   Thumb Code    94  stm32f1xx_ll_usb.o(i.USB_EPSetStall)
    USB_EPStartXfer                          0x080031b9   Thumb Code   496  stm32f1xx_ll_usb.o(i.USB_EPStartXfer)
    USB_EnableGlobalInt                      0x080033ad   Thumb Code    12  stm32f1xx_ll_usb.o(i.USB_EnableGlobalInt)
    USB_FlushRxFifo                          0x080033b9   Thumb Code    28  stm32f1xx_ll_usb.o(i.USB_FlushRxFifo)
    USB_FlushTxFifo                          0x080033d9   Thumb Code    32  stm32f1xx_ll_usb.o(i.USB_FlushTxFifo)
    USB_GetMode                              0x080033fd   Thumb Code     8  stm32f1xx_ll_usb.o(i.USB_GetMode)
    USB_ReadDevAllInEpInterrupt              0x08003405   Thumb Code    14  stm32f1xx_ll_usb.o(i.USB_ReadDevAllInEpInterrupt)
    USB_ReadDevAllOutEpInterrupt             0x08003413   Thumb Code    14  stm32f1xx_ll_usb.o(i.USB_ReadDevAllOutEpInterrupt)
    USB_ReadDevInEPInterrupt                 0x08003421   Thumb Code    30  stm32f1xx_ll_usb.o(i.USB_ReadDevInEPInterrupt)
    USB_ReadDevOutEPInterrupt                0x0800343f   Thumb Code    16  stm32f1xx_ll_usb.o(i.USB_ReadDevOutEPInterrupt)
    USB_ReadInterrupts                       0x0800344f   Thumb Code     8  stm32f1xx_ll_usb.o(i.USB_ReadInterrupts)
    USB_ReadPacket                           0x08003457   Thumb Code    32  stm32f1xx_ll_usb.o(i.USB_ReadPacket)
    USB_SetCurrentMode                       0x08003477   Thumb Code    44  stm32f1xx_ll_usb.o(i.USB_SetCurrentMode)
    USB_SetDevAddress                        0x080034a3   Thumb Code    34  stm32f1xx_ll_usb.o(i.USB_SetDevAddress)
    USB_WritePacket                          0x080034c5   Thumb Code    36  stm32f1xx_ll_usb.o(i.USB_WritePacket)
    UsageFault_Handler                       0x080034e9   Thumb Code     2  stm32f1xx_it.o(i.UsageFault_Handler)
    _Error_Handler                           0x080034eb   Thumb Code     2  main.o(i._Error_Handler)
    __scatterload_copy                       0x080034ed   Thumb Code    14  handlers.o(i.__scatterload_copy)
    __scatterload_null                       0x080034fb   Thumb Code     2  handlers.o(i.__scatterload_null)
    __scatterload_zeroinit                   0x080034fd   Thumb Code    14  handlers.o(i.__scatterload_zeroinit)
    main                                     0x0800350d   Thumb Code   118  main.o(i.main)
    AHBPrescTable                            0x08003598   Data          16  system_stm32f1xx.o(.constdata)
    APBPrescTable                            0x080035a8   Data           8  system_stm32f1xx.o(.constdata)
    Region$$Table$$Base                      0x080035b0   Number         0  anon$$obj.o(Region$$Table)
    Region$$Table$$Limit                     0x080035d0   Number         0  anon$$obj.o(Region$$Table)
    SystemCoreClock                          0x20000000   Data           4  system_stm32f1xx.o(.data)
    FS_Desc                                  0x20000004   Data          28  usbd_desc.o(.data)
    USBD_LangIDDesc                          0x20000020   Data           4  usbd_desc.o(.data)
    USBD_FS_DeviceDesc                       0x20000024   Data          18  usbd_desc.o(.data)
    hcrc                                     0x20000038   Data           8  main.o(.data)
    USBD_Interface_fops_FS                   0x20000040   Data          16  usbd_cdc_if.o(.data)
    USBD_CDC_CfgHSDesc                       0x20000064   Data          67  usbd_cdc.o(.data)
    USBD_CDC_CfgFSDesc                       0x200000a8   Data          67  usbd_cdc.o(.data)
    USBD_CDC_OtherSpeedCfgDesc               0x200000ec   Data          67  usbd_cdc.o(.data)
    USBD_CDC                                 0x20000130   Data          56  usbd_cdc.o(.data)
    uwTick                                   0x20000168   Data           4  stm32f1xx_hal.o(.data)
    USBD_StrDesc                             0x2000016c   Data         512  usbd_desc.o(.bss)
    hiwdg                                    0x2000036c   Data          12  main.o(.bss)
    hspi1                                    0x20000378   Data          88  main.o(.bss)
    husart1                                  0x200003d0   Data          68  main.o(.bss)
    hdma_spi1_tx                             0x20000414   Data          68  main.o(.bss)
    hdma_spi1_rx                             0x20000458   Data          68  main.o(.bss)
    UserRxBufferFS                           0x2000049c   Data        1000  usbd_cdc_if.o(.bss)
    UserTxBufferFS                           0x20000884   Data        1000  usbd_cdc_if.o(.bss)
    hpcd_USB_OTG_FS                          0x20000e8c   Data         992  usbd_conf.o(.bss)
    hUsbDeviceFS                             0x2000126c   Data         548  usb_device.o(.bss)
    __initial_sp                             0x20001890   Data           0  startup_stm32f105xc.o(STACK)



==============================================================================

Memory Map of the image

  Image Entry point : 0x08000151

  Load Region LR_IROM1 (Base: 0x08000000, Size: 0x0000373c, Max: 0x00020000, ABSOLUTE, COMPRESSED[0x00003688])

    Execution Region ER_IROM1 (Exec base: 0x08000000, Load base: 0x08000000, Size: 0x000035d0, Max: 0x00020000, ABSOLUTE)

    Exec Addr    Load Addr    Size         Type   Attr      Idx    E Section Name        Object

    0x08000000   0x08000000   0x00000150   Data   RO            3    RESET               startup_stm32f105xc.o
    0x08000150   0x08000150   0x00000000   Code   RO         3319  * .ARM.Collect$$$$00000000  mc_w.l(entry.o)
    0x08000150   0x08000150   0x00000004   Code   RO         3330    .ARM.Collect$$$$00000001  mc_w.l(entry2.o)
    0x08000154   0x08000154   0x00000004   Code   RO         3333    .ARM.Collect$$$$00000004  mc_w.l(entry5.o)
    0x08000158   0x08000158   0x00000000   Code   RO         3335    .ARM.Collect$$$$00000008  mc_w.l(entry7b.o)
    0x08000158   0x08000158   0x00000000   Code   RO         3337    .ARM.Collect$$$$0000000A  mc_w.l(entry8b.o)
    0x08000158   0x08000158   0x00000008   Code   RO         3338    .ARM.Collect$$$$0000000B  mc_w.l(entry9a.o)
    0x08000160   0x08000160   0x00000000   Code   RO         3340    .ARM.Collect$$$$0000000D  mc_w.l(entry10a.o)
    0x08000160   0x08000160   0x00000000   Code   RO         3342    .ARM.Collect$$$$0000000F  mc_w.l(entry11a.o)
    0x08000160   0x08000160   0x00000004   Code   RO         3331    .ARM.Collect$$$$00002712  mc_w.l(entry2.o)
    0x08000164   0x08000164   0x00000024   Code   RO            4    .text               startup_stm32f105xc.o
    0x08000188   0x08000188   0x00000024   Code   RO         3324    .text               mc_w.l(memcpya.o)
    0x080001ac   0x080001ac   0x0000000e   Code   RO         3326    .text               mc_w.l(strlen.o)
    0x080001ba   0x080001ba   0x00000002   PAD
    0x080001bc   0x080001bc   0x00000024   Code   RO         3344    .text               mc_w.l(init.o)
    0x080001e0   0x080001e0   0x00000056   Code   RO         3354    .text               mc_w.l(__dczerorl2.o)
    0x08000236   0x08000236   0x00000002   Code   RO          411    i.BusFault_Handler  stm32f1xx_it.o
    0x08000238   0x08000238   0x00000004   Code   RO          356    i.CDC_Control_FS    usbd_cdc_if.o
    0x0800023c   0x0800023c   0x00000004   Code   RO          357    i.CDC_DeInit_FS     usbd_cdc_if.o
    0x08000240   0x08000240   0x00000024   Code   RO          358    i.CDC_Init_FS       usbd_cdc_if.o
    0x08000264   0x08000264   0x00000078   Code   RO          359    i.CDC_Receive_FS    usbd_cdc_if.o
    0x080002dc   0x080002dc   0x0000002c   Code   RO          360    i.CDC_Transmit_FS   usbd_cdc_if.o
    0x08000308   0x08000308   0x0000000c   Code   RO          412    i.DMA1_Channel2_IRQHandler  stm32f1xx_it.o
    0x08000314   0x08000314   0x0000000c   Code   RO          413    i.DMA1_Channel3_IRQHandler  stm32f1xx_it.o
    0x08000320   0x08000320   0x00000002   Code   RO          414    i.DebugMon_Handler  stm32f1xx_it.o
    0x08000322   0x08000322   0x00000022   Code   RO         2943    i.HAL_CRC_Init      stm32f1xx_hal_crc.o
    0x08000344   0x08000344   0x00000028   Code   RO          142    i.HAL_CRC_MspInit   stm32f1xx_hal_msp.o
    0x0800036c   0x0800036c   0x00000130   Code   RO         1332    i.HAL_DMA_Abort_IT  stm32f1xx_hal_dma.o
    0x0800049c   0x0800049c   0x00000248   Code   RO         1336    i.HAL_DMA_IRQHandler  stm32f1xx_hal_dma.o
    0x080006e4   0x080006e4   0x00000084   Code   RO         1337    i.HAL_DMA_Init      stm32f1xx_hal_dma.o
    0x08000768   0x08000768   0x0000001c   Code   RO         1858    i.HAL_Delay         stm32f1xx_hal.o
    0x08000784   0x08000784   0x000001bc   Code   RO         1267    i.HAL_GPIO_Init     stm32f1xx_hal_gpio.o
    0x08000940   0x08000940   0x0000000a   Code   RO         1271    i.HAL_GPIO_WritePin  stm32f1xx_hal_gpio.o
    0x0800094a   0x0800094a   0x00000002   PAD
    0x0800094c   0x0800094c   0x0000000c   Code   RO         1862    i.HAL_GetTick       stm32f1xx_hal.o
    0x08000958   0x08000958   0x00000052   Code   RO         2909    i.HAL_IWDG_Init     stm32f1xx_hal_iwdg.o
    0x080009aa   0x080009aa   0x00000002   PAD
    0x080009ac   0x080009ac   0x00000010   Code   RO         1864    i.HAL_IncTick       stm32f1xx_hal.o
    0x080009bc   0x080009bc   0x00000024   Code   RO         1865    i.HAL_Init          stm32f1xx_hal.o
    0x080009e0   0x080009e0   0x00000028   Code   RO         1866    i.HAL_InitTick      stm32f1xx_hal.o
    0x08000a08   0x08000a08   0x00000080   Code   RO          143    i.HAL_MspInit       stm32f1xx_hal_msp.o
    0x08000a88   0x08000a88   0x00000016   Code   RO         2491    i.HAL_NVIC_EnableIRQ  stm32f1xx_hal_cortex.o
    0x08000a9e   0x08000a9e   0x00000002   PAD
    0x08000aa0   0x08000aa0   0x00000040   Code   RO         2497    i.HAL_NVIC_SetPriority  stm32f1xx_hal_cortex.o
    0x08000ae0   0x08000ae0   0x00000024   Code   RO         2498    i.HAL_NVIC_SetPriorityGrouping  stm32f1xx_hal_cortex.o
    0x08000b04   0x08000b04   0x00000002   Code   RO          511    i.HAL_PCDEx_SetConnectionState  usbd_conf.o
    0x08000b06   0x08000b06   0x00000008   Code   RO         1229    i.HAL_PCDEx_SetRxFiFo  stm32f1xx_hal_pcd_ex.o
    0x08000b0e   0x08000b0e   0x00000044   Code   RO         1230    i.HAL_PCDEx_SetTxFiFo  stm32f1xx_hal_pcd_ex.o
    0x08000b52   0x08000b52   0x00000008   Code   RO          512    i.HAL_PCD_ConnectCallback  usbd_conf.o
    0x08000b5a   0x08000b5a   0x00000012   Code   RO          513    i.HAL_PCD_DataInStageCallback  usbd_conf.o
    0x08000b6c   0x08000b6c   0x00000014   Code   RO          514    i.HAL_PCD_DataOutStageCallback  usbd_conf.o
    0x08000b80   0x08000b80   0x00000008   Code   RO          515    i.HAL_PCD_DisconnectCallback  usbd_conf.o
    0x08000b88   0x08000b88   0x00000044   Code   RO         2283    i.HAL_PCD_EP_Close  stm32f1xx_hal_pcd.o
    0x08000bcc   0x08000bcc   0x00000050   Code   RO         2284    i.HAL_PCD_EP_ClrStall  stm32f1xx_hal_pcd.o
    0x08000c1c   0x08000c1c   0x00000014   Code   RO         2286    i.HAL_PCD_EP_GetRxCount  stm32f1xx_hal_pcd.o
    0x08000c30   0x08000c30   0x00000048   Code   RO         2287    i.HAL_PCD_EP_Open   stm32f1xx_hal_pcd.o
    0x08000c78   0x08000c78   0x0000003a   Code   RO         2288    i.HAL_PCD_EP_Receive  stm32f1xx_hal_pcd.o
    0x08000cb2   0x08000cb2   0x0000005e   Code   RO         2289    i.HAL_PCD_EP_SetStall  stm32f1xx_hal_pcd.o
    0x08000d10   0x08000d10   0x00000036   Code   RO         2290    i.HAL_PCD_EP_Transmit  stm32f1xx_hal_pcd.o
    0x08000d46   0x08000d46   0x00000002   PAD
    0x08000d48   0x08000d48   0x0000033a   Code   RO         2292    i.HAL_PCD_IRQHandler  stm32f1xx_hal_pcd.o
    0x08001082   0x08001082   0x00000008   Code   RO          516    i.HAL_PCD_ISOINIncompleteCallback  usbd_conf.o
    0x0800108a   0x0800108a   0x00000008   Code   RO          517    i.HAL_PCD_ISOOUTIncompleteCallback  usbd_conf.o
    0x08001092   0x08001092   0x00000002   PAD
    0x08001094   0x08001094   0x000000c8   Code   RO         2295    i.HAL_PCD_Init      stm32f1xx_hal_pcd.o
    0x0800115c   0x0800115c   0x00000038   Code   RO          519    i.HAL_PCD_MspInit   usbd_conf.o
    0x08001194   0x08001194   0x00000020   Code   RO          520    i.HAL_PCD_ResetCallback  usbd_conf.o
    0x080011b4   0x080011b4   0x00000008   Code   RO          521    i.HAL_PCD_ResumeCallback  usbd_conf.o
    0x080011bc   0x080011bc   0x00000008   Code   RO          522    i.HAL_PCD_SOFCallback  usbd_conf.o
    0x080011c4   0x080011c4   0x00000028   Code   RO         2301    i.HAL_PCD_SetAddress  stm32f1xx_hal_pcd.o
    0x080011ec   0x080011ec   0x0000000e   Code   RO          523    i.HAL_PCD_SetupStageCallback  usbd_conf.o
    0x080011fa   0x080011fa   0x00000032   Code   RO         2303    i.HAL_PCD_Start     stm32f1xx_hal_pcd.o
    0x0800122c   0x0800122c   0x00000030   Code   RO          524    i.HAL_PCD_SuspendCallback  usbd_conf.o
    0x0800125c   0x0800125c   0x00000188   Code   RO         1570    i.HAL_RCCEx_PeriphCLKConfig  stm32f1xx_hal_rcc_ex.o
    0x080013e4   0x080013e4   0x00000154   Code   RO         1625    i.HAL_RCC_ClockConfig  stm32f1xx_hal_rcc.o
    0x08001538   0x08001538   0x0000000c   Code   RO         1630    i.HAL_RCC_GetHCLKFreq  stm32f1xx_hal_rcc.o
    0x08001544   0x08001544   0x00000020   Code   RO         1632    i.HAL_RCC_GetPCLK1Freq  stm32f1xx_hal_rcc.o
    0x08001564   0x08001564   0x00000020   Code   RO         1633    i.HAL_RCC_GetPCLK2Freq  stm32f1xx_hal_rcc.o
    0x08001584   0x08001584   0x000000a0   Code   RO         1634    i.HAL_RCC_GetSysClockFreq  stm32f1xx_hal_rcc.o
    0x08001624   0x08001624   0x000003c8   Code   RO         1637    i.HAL_RCC_OscConfig  stm32f1xx_hal_rcc.o
    0x080019ec   0x080019ec   0x00000002   Code   RO         3006    i.HAL_SPI_ErrorCallback  stm32f1xx_hal_spi.o
    0x080019ee   0x080019ee   0x00000002   PAD
    0x080019f0   0x080019f0   0x000000c4   Code   RO         3009    i.HAL_SPI_IRQHandler  stm32f1xx_hal_spi.o
    0x08001ab4   0x08001ab4   0x00000082   Code   RO         2885    i.HAL_SPI_Init      stm32f1xx_hal_spi_ex.o
    0x08001b36   0x08001b36   0x00000002   PAD
    0x08001b38   0x08001b38   0x000000ec   Code   RO          145    i.HAL_SPI_MspInit   stm32f1xx_hal_msp.o
    0x08001c24   0x08001c24   0x00000018   Code   RO         2500    i.HAL_SYSTICK_CLKSourceConfig  stm32f1xx_hal_cortex.o
    0x08001c3c   0x08001c3c   0x00000002   Code   RO         2501    i.HAL_SYSTICK_Callback  stm32f1xx_hal_cortex.o
    0x08001c3e   0x08001c3e   0x00000028   Code   RO         2502    i.HAL_SYSTICK_Config  stm32f1xx_hal_cortex.o
    0x08001c66   0x08001c66   0x00000008   Code   RO         2503    i.HAL_SYSTICK_IRQHandler  stm32f1xx_hal_cortex.o
    0x08001c6e   0x08001c6e   0x00000054   Code   RO         2635    i.HAL_USART_Init    stm32f1xx_hal_usart.o
    0x08001cc2   0x08001cc2   0x00000002   PAD
    0x08001cc4   0x08001cc4   0x00000058   Code   RO          147    i.HAL_USART_MspInit  stm32f1xx_hal_msp.o
    0x08001d1c   0x08001d1c   0x00000002   Code   RO          415    i.HardFault_Handler  stm32f1xx_it.o
    0x08001d1e   0x08001d1e   0x00000002   PAD
    0x08001d20   0x08001d20   0x000000a0   Code   RO          295    i.MX_GPIO_Init      main.o
    0x08001dc0   0x08001dc0   0x00000040   Code   RO          296    i.MX_SPI1_Init      main.o
    0x08001e00   0x08001e00   0x00000034   Code   RO          297    i.MX_USART1_Init    main.o
    0x08001e34   0x08001e34   0x00000038   Code   RO          718    i.MX_USB_DEVICE_Init  usb_device.o
    0x08001e6c   0x08001e6c   0x00000002   Code   RO          416    i.MemManage_Handler  stm32f1xx_it.o
    0x08001e6e   0x08001e6e   0x00000002   Code   RO          417    i.NMI_Handler       stm32f1xx_it.o
    0x08001e70   0x08001e70   0x00000020   Code   RO         2504    i.NVIC_SetPriority  stm32f1xx_hal_cortex.o
    0x08001e90   0x08001e90   0x0000000c   Code   RO          418    i.OTG_FS_IRQHandler  stm32f1xx_it.o
    0x08001e9c   0x08001e9c   0x00000082   Code   RO         2306    i.PCD_WriteEmptyTxFifo  stm32f1xx_hal_pcd.o
    0x08001f1e   0x08001f1e   0x00000002   Code   RO          419    i.PendSV_Handler    stm32f1xx_it.o
    0x08001f20   0x08001f20   0x0000000c   Code   RO          420    i.SPI1_IRQHandler   stm32f1xx_it.o
    0x08001f2c   0x08001f2c   0x00000010   Code   RO         3038    i.SPI_DMAAbortOnError  stm32f1xx_hal_spi.o
    0x08001f3c   0x08001f3c   0x00000002   Code   RO          421    i.SVC_Handler       stm32f1xx_it.o
    0x08001f3e   0x08001f3e   0x0000000e   Code   RO          422    i.SysTick_Handler   stm32f1xx_it.o
    0x08001f4c   0x08001f4c   0x0000008c   Code   RO          298    i.SystemClock_Config  main.o
    0x08001fd8   0x08001fd8   0x00000054   Code   RO           14    i.SystemInit        system_stm32f1xx.o
    0x0800202c   0x0800202c   0x000000f8   Code   RO         2663    i.USART_SetConfig   stm32f1xx_hal_usart.o
    0x08002124   0x08002124   0x00000014   Code   RO          821    i.USBD_CDC_DataIn   usbd_cdc.o
    0x08002138   0x08002138   0x0000002e   Code   RO          822    i.USBD_CDC_DataOut  usbd_cdc.o
    0x08002166   0x08002166   0x0000003c   Code   RO          823    i.USBD_CDC_DeInit   usbd_cdc.o
    0x080021a2   0x080021a2   0x00000024   Code   RO          824    i.USBD_CDC_EP0_RxReady  usbd_cdc.o
    0x080021c6   0x080021c6   0x00000002   PAD
    0x080021c8   0x080021c8   0x0000000c   Code   RO          825    i.USBD_CDC_GetDeviceQualifierDescriptor  usbd_cdc.o
    0x080021d4   0x080021d4   0x0000000c   Code   RO          826    i.USBD_CDC_GetFSCfgDesc  usbd_cdc.o
    0x080021e0   0x080021e0   0x0000000c   Code   RO          827    i.USBD_CDC_GetHSCfgDesc  usbd_cdc.o
    0x080021ec   0x080021ec   0x0000000c   Code   RO          828    i.USBD_CDC_GetOtherSpeedCfgDesc  usbd_cdc.o
    0x080021f8   0x080021f8   0x00000088   Code   RO          829    i.USBD_CDC_Init     usbd_cdc.o
    0x08002280   0x08002280   0x00000028   Code   RO          830    i.USBD_CDC_ReceivePacket  usbd_cdc.o
    0x080022a8   0x080022a8   0x00000010   Code   RO          831    i.USBD_CDC_RegisterInterface  usbd_cdc.o
    0x080022b8   0x080022b8   0x0000000c   Code   RO          832    i.USBD_CDC_SetRxBuffer  usbd_cdc.o
    0x080022c4   0x080022c4   0x00000010   Code   RO          833    i.USBD_CDC_SetTxBuffer  usbd_cdc.o
    0x080022d4   0x080022d4   0x00000070   Code   RO          834    i.USBD_CDC_Setup    usbd_cdc.o
    0x08002344   0x08002344   0x00000030   Code   RO          835    i.USBD_CDC_TransmitPacket  usbd_cdc.o
    0x08002374   0x08002374   0x0000000e   Code   RO          927    i.USBD_ClrClassConfig  usbd_core.o
    0x08002382   0x08002382   0x00000010   Code   RO         1065    i.USBD_CtlContinueRx  usbd_ioreq.o
    0x08002392   0x08002392   0x00000010   Code   RO         1066    i.USBD_CtlContinueSendData  usbd_ioreq.o
    0x080023a2   0x080023a2   0x00000016   Code   RO          756    i.USBD_CtlError     usbd_ctlreq.o
    0x080023b8   0x080023b8   0x0000001e   Code   RO         1067    i.USBD_CtlPrepareRx  usbd_ioreq.o
    0x080023d6   0x080023d6   0x00000016   Code   RO         1068    i.USBD_CtlReceiveStatus  usbd_ioreq.o
    0x080023ec   0x080023ec   0x0000001a   Code   RO         1069    i.USBD_CtlSendData  usbd_ioreq.o
    0x08002406   0x08002406   0x00000016   Code   RO         1070    i.USBD_CtlSendStatus  usbd_ioreq.o
    0x0800241c   0x0800241c   0x00000020   Code   RO          206    i.USBD_FS_ConfigStrDescriptor  usbd_desc.o
    0x0800243c   0x0800243c   0x0000000c   Code   RO          207    i.USBD_FS_DeviceDescriptor  usbd_desc.o
    0x08002448   0x08002448   0x00000024   Code   RO          208    i.USBD_FS_InterfaceStrDescriptor  usbd_desc.o
    0x0800246c   0x0800246c   0x0000000c   Code   RO          209    i.USBD_FS_LangIDStrDescriptor  usbd_desc.o
    0x08002478   0x08002478   0x00000028   Code   RO          210    i.USBD_FS_ManufacturerStrDescriptor  usbd_desc.o
    0x080024a0   0x080024a0   0x0000002c   Code   RO          211    i.USBD_FS_ProductStrDescriptor  usbd_desc.o
    0x080024cc   0x080024cc   0x00000024   Code   RO          212    i.USBD_FS_SerialStrDescriptor  usbd_desc.o
    0x080024f0   0x080024f0   0x000000e0   Code   RO          757    i.USBD_GetDescriptor  usbd_ctlreq.o
    0x080025d0   0x080025d0   0x00000046   Code   RO          758    i.USBD_GetString    usbd_ctlreq.o
    0x08002616   0x08002616   0x0000002a   Code   RO          929    i.USBD_Init         usbd_core.o
    0x08002640   0x08002640   0x00000020   Code   RO          525    i.USBD_LL_ClearStallEP  usbd_conf.o
    0x08002660   0x08002660   0x00000020   Code   RO          526    i.USBD_LL_CloseEP   usbd_conf.o
    0x08002680   0x08002680   0x000000aa   Code   RO          930    i.USBD_LL_DataInStage  usbd_core.o
    0x0800272a   0x0800272a   0x0000006a   Code   RO          931    i.USBD_LL_DataOutStage  usbd_core.o
    0x08002794   0x08002794   0x00000004   Code   RO          932    i.USBD_LL_DevConnected  usbd_core.o
    0x08002798   0x08002798   0x00000016   Code   RO          933    i.USBD_LL_DevDisconnected  usbd_core.o
    0x080027ae   0x080027ae   0x00000008   Code   RO          530    i.USBD_LL_GetRxDataSize  usbd_conf.o
    0x080027b6   0x080027b6   0x00000002   PAD
    0x080027b8   0x080027b8   0x00000074   Code   RO          531    i.USBD_LL_Init      usbd_conf.o
    0x0800282c   0x0800282c   0x00000020   Code   RO          532    i.USBD_LL_IsStallEP  usbd_conf.o
    0x0800284c   0x0800284c   0x00000004   Code   RO          934    i.USBD_LL_IsoINIncomplete  usbd_core.o
    0x08002850   0x08002850   0x00000004   Code   RO          935    i.USBD_LL_IsoOUTIncomplete  usbd_core.o
    0x08002854   0x08002854   0x00000026   Code   RO          533    i.USBD_LL_OpenEP    usbd_conf.o
    0x0800287a   0x0800287a   0x00000020   Code   RO          534    i.USBD_LL_PrepareReceive  usbd_conf.o
    0x0800289a   0x0800289a   0x0000003e   Code   RO          936    i.USBD_LL_Reset     usbd_core.o
    0x080028d8   0x080028d8   0x0000000c   Code   RO          937    i.USBD_LL_Resume    usbd_core.o
    0x080028e4   0x080028e4   0x00000018   Code   RO          938    i.USBD_LL_SOF       usbd_core.o
    0x080028fc   0x080028fc   0x00000006   Code   RO          939    i.USBD_LL_SetSpeed  usbd_core.o
    0x08002902   0x08002902   0x00000020   Code   RO          535    i.USBD_LL_SetUSBAddress  usbd_conf.o
    0x08002922   0x08002922   0x0000005a   Code   RO          940    i.USBD_LL_SetupStage  usbd_core.o
    0x0800297c   0x0800297c   0x00000020   Code   RO          536    i.USBD_LL_StallEP   usbd_conf.o
    0x0800299c   0x0800299c   0x00000020   Code   RO          537    i.USBD_LL_Start     usbd_conf.o
    0x080029bc   0x080029bc   0x00000012   Code   RO          941    i.USBD_LL_Suspend   usbd_core.o
    0x080029ce   0x080029ce   0x00000020   Code   RO          539    i.USBD_LL_Transmit  usbd_conf.o
    0x080029ee   0x080029ee   0x00000028   Code   RO          759    i.USBD_ParseSetupRequest  usbd_ctlreq.o
    0x08002a16   0x08002a16   0x00000010   Code   RO          942    i.USBD_RegisterClass  usbd_core.o
    0x08002a26   0x08002a26   0x00000016   Code   RO          944    i.USBD_SetClassConfig  usbd_core.o
    0x08002a3c   0x08002a3c   0x00000074   Code   RO          760    i.USBD_SetConfig    usbd_ctlreq.o
    0x08002ab0   0x08002ab0   0x0000000a   Code   RO          945    i.USBD_Start        usbd_core.o
    0x08002aba   0x08002aba   0x000000f2   Code   RO          761    i.USBD_StdDevReq    usbd_ctlreq.o
    0x08002bac   0x08002bac   0x000000dc   Code   RO          762    i.USBD_StdEPReq     usbd_ctlreq.o
    0x08002c88   0x08002c88   0x00000034   Code   RO          763    i.USBD_StdItfReq    usbd_ctlreq.o
    0x08002cbc   0x08002cbc   0x00000002   Code   RO          540    i.USBD_static_free  usbd_conf.o
    0x08002cbe   0x08002cbe   0x00000002   PAD
    0x08002cc0   0x08002cc0   0x00000008   Code   RO          541    i.USBD_static_malloc  usbd_conf.o
    0x08002cc8   0x08002cc8   0x00000090   Code   RO         1992    i.USB_ActivateEndpoint  stm32f1xx_ll_usb.o
    0x08002d58   0x08002d58   0x00000034   Code   RO         1994    i.USB_ActivateSetup  stm32f1xx_ll_usb.o
    0x08002d8c   0x08002d8c   0x0000001c   Code   RO         1996    i.USB_CoreInit      stm32f1xx_ll_usb.o
    0x08002da8   0x08002da8   0x0000004c   Code   RO         1997    i.USB_CoreReset     stm32f1xx_ll_usb.o
    0x08002df4   0x08002df4   0x0000006e   Code   RO         1999    i.USB_DeactivateEndpoint  stm32f1xx_ll_usb.o
    0x08002e62   0x08002e62   0x00000018   Code   RO         2000    i.USB_DevConnect    stm32f1xx_ll_usb.o
    0x08002e7a   0x08002e7a   0x00000018   Code   RO         2001    i.USB_DevDisconnect  stm32f1xx_ll_usb.o
    0x08002e92   0x08002e92   0x00000002   PAD
    0x08002e94   0x08002e94   0x0000010c   Code   RO         2002    i.USB_DevInit       stm32f1xx_ll_usb.o
    0x08002fa0   0x08002fa0   0x0000000c   Code   RO         2003    i.USB_DisableGlobalInt  stm32f1xx_ll_usb.o
    0x08002fac   0x08002fac   0x0000011c   Code   RO         2006    i.USB_EP0StartXfer  stm32f1xx_ll_usb.o
    0x080030c8   0x080030c8   0x0000002e   Code   RO         2007    i.USB_EP0_OutStart  stm32f1xx_ll_usb.o
    0x080030f6   0x080030f6   0x00000064   Code   RO         2008    i.USB_EPClearStall  stm32f1xx_ll_usb.o
    0x0800315a   0x0800315a   0x0000005e   Code   RO         2009    i.USB_EPSetStall    stm32f1xx_ll_usb.o
    0x080031b8   0x080031b8   0x000001f4   Code   RO         2010    i.USB_EPStartXfer   stm32f1xx_ll_usb.o
    0x080033ac   0x080033ac   0x0000000c   Code   RO         2011    i.USB_EnableGlobalInt  stm32f1xx_ll_usb.o
    0x080033b8   0x080033b8   0x00000020   Code   RO         2012    i.USB_FlushRxFifo   stm32f1xx_ll_usb.o
    0x080033d8   0x080033d8   0x00000024   Code   RO         2013    i.USB_FlushTxFifo   stm32f1xx_ll_usb.o
    0x080033fc   0x080033fc   0x00000008   Code   RO         2017    i.USB_GetMode       stm32f1xx_ll_usb.o
    0x08003404   0x08003404   0x0000000e   Code   RO         2024    i.USB_ReadDevAllInEpInterrupt  stm32f1xx_ll_usb.o
    0x08003412   0x08003412   0x0000000e   Code   RO         2025    i.USB_ReadDevAllOutEpInterrupt  stm32f1xx_ll_usb.o
    0x08003420   0x08003420   0x0000001e   Code   RO         2026    i.USB_ReadDevInEPInterrupt  stm32f1xx_ll_usb.o
    0x0800343e   0x0800343e   0x00000010   Code   RO         2027    i.USB_ReadDevOutEPInterrupt  stm32f1xx_ll_usb.o
    0x0800344e   0x0800344e   0x00000008   Code   RO         2028    i.USB_ReadInterrupts  stm32f1xx_ll_usb.o
    0x08003456   0x08003456   0x00000020   Code   RO         2029    i.USB_ReadPacket    stm32f1xx_ll_usb.o
    0x08003476   0x08003476   0x0000002c   Code   RO         2031    i.USB_SetCurrentMode  stm32f1xx_ll_usb.o
    0x080034a2   0x080034a2   0x00000022   Code   RO         2032    i.USB_SetDevAddress  stm32f1xx_ll_usb.o
    0x080034c4   0x080034c4   0x00000024   Code   RO         2036    i.USB_WritePacket   stm32f1xx_ll_usb.o
    0x080034e8   0x080034e8   0x00000002   Code   RO          423    i.UsageFault_Handler  stm32f1xx_it.o
    0x080034ea   0x080034ea   0x00000002   Code   RO          299    i._Error_Handler    main.o
    0x080034ec   0x080034ec   0x0000000e   Code   RO         3348    i.__scatterload_copy  mc_w.l(handlers.o)
    0x080034fa   0x080034fa   0x00000002   Code   RO         3349    i.__scatterload_null  mc_w.l(handlers.o)
    0x080034fc   0x080034fc   0x0000000e   Code   RO         3350    i.__scatterload_zeroinit  mc_w.l(handlers.o)
    0x0800350a   0x0800350a   0x00000002   PAD
    0x0800350c   0x0800350c   0x0000008c   Code   RO          300    i.main              main.o
    0x08003598   0x08003598   0x00000010   Data   RO           15    .constdata          system_stm32f1xx.o
    0x080035a8   0x080035a8   0x00000008   Data   RO           16    .constdata          system_stm32f1xx.o
    0x080035b0   0x080035b0   0x00000020   Data   RO         3346    Region$$Table       anon$$obj.o


    Execution Region RW_IRAM1 (Exec base: 0x20000000, Load base: 0x080035d0, Size: 0x00001890, Max: 0x00010000, ABSOLUTE, COMPRESSED[0x000000b8])

    Exec Addr    Load Addr    Size         Type   Attr      Idx    E Section Name        Object

    0x20000000   COMPRESSED   0x00000004   Data   RW           17    .data               system_stm32f1xx.o
    0x20000004   COMPRESSED   0x0000001c   Data   RW          214    .data               usbd_desc.o
    0x20000020   COMPRESSED   0x00000016   Data   RW          215    .data               usbd_desc.o
    0x20000036   COMPRESSED   0x00000002   PAD
    0x20000038   COMPRESSED   0x00000008   Data   RW          304    .data               main.o
    0x20000040   COMPRESSED   0x00000010   Data   RW          362    .data               usbd_cdc_if.o
    0x20000050   COMPRESSED   0x00000001   Data   RW          764    .data               usbd_ctlreq.o
    0x20000051   COMPRESSED   0x00000003   PAD
    0x20000054   COMPRESSED   0x000000db   Data   RW          836    .data               usbd_cdc.o
    0x2000012f   COMPRESSED   0x00000001   PAD
    0x20000130   COMPRESSED   0x00000038   Data   RW          837    .data               usbd_cdc.o
    0x20000168   COMPRESSED   0x00000004   Data   RW         1871    .data               stm32f1xx_hal.o
    0x2000016c        -       0x00000200   Zero   RW          213    .bss                usbd_desc.o
    0x2000036c        -       0x000000a8   Zero   RW          301    .bss                main.o
    0x20000414        -       0x00000044   Zero   RW          302    .bss                main.o
    0x20000458        -       0x00000044   Zero   RW          303    .bss                main.o
    0x2000049c        -       0x000007d0   Zero   RW          361    .bss                usbd_cdc_if.o
    0x20000c6c        -       0x00000600   Zero   RW          542    .bss                usbd_conf.o
    0x2000126c        -       0x00000224   Zero   RW          719    .bss                usb_device.o
    0x20001490        -       0x00000400   Zero   RW            1    STACK               startup_stm32f105xc.o


==============================================================================

Image component sizes


      Code (inc. data)   RO Data    RW Data    ZI Data      Debug   Object Name

       558         62          0          8        304       4270   main.o
        36          8        336          0       1024        796   startup_stm32f105xc.o
       132         22          0          4          0       3611   stm32f1xx_hal.o
       228         14          0          0          0      27333   stm32f1xx_hal_cortex.o
        34          0          0          0          0       1015   stm32f1xx_hal_crc.o
      1020         52          0          0          0       2831   stm32f1xx_hal_dma.o
       454         36          0          0          0       2856   stm32f1xx_hal_gpio.o
        82          0          0          0          0       1132   stm32f1xx_hal_iwdg.o
       492         86          0          0          0       2850   stm32f1xx_hal_msp.o
      1692          0          0          0          0      10329   stm32f1xx_hal_pcd.o
        76          0          0          0          0       1780   stm32f1xx_hal_pcd_ex.o
      1544        114          0          0          0       5836   stm32f1xx_hal_rcc.o
       392         18          0          0          0       1548   stm32f1xx_hal_rcc_ex.o
       214          6          0          0          0       2581   stm32f1xx_hal_spi.o
       130          0          0          0          0       1051   stm32f1xx_hal_spi_ex.o
       332          6          0          0          0       1925   stm32f1xx_hal_usart.o
        78         24          0          0          0       5458   stm32f1xx_it.o
      2078         36          0          0          0      18034   stm32f1xx_ll_usb.o
        84         16         24          4          0     593859   system_stm32f1xx.o
        56         18          0          0        548        692   usb_device.o
       590         22          0        275          0      12526   usbd_cdc.o
       208         48          0         16       2000       4973   usbd_cdc_if.o
       666         40          0          0       1536      14949   usbd_conf.o
       626          0          0          0          0      11338   usbd_core.o
       986         30          0          1          0       7676   usbd_ctlreq.o
       212        116          0         50        512       9231   usbd_desc.o
       132          0          0          0          0       4276   usbd_ioreq.o

    ----------------------------------------------------------------------
     13158        774        392        364       5924     754756   Object Totals
         0          0         32          0          0          0   (incl. Generated)
        26          0          0          6          0          0   (incl. Padding)

    ----------------------------------------------------------------------

      Code (inc. data)   RO Data    RW Data    ZI Data      Debug   Library Member Name

        86          0          0          0          0          0   __dczerorl2.o
         0          0          0          0          0          0   entry.o
         0          0          0          0          0          0   entry10a.o
         0          0          0          0          0          0   entry11a.o
         8          4          0          0          0          0   entry2.o
         4          0          0          0          0          0   entry5.o
         0          0          0          0          0          0   entry7b.o
         0          0          0          0          0          0   entry8b.o
         8          4          0          0          0          0   entry9a.o
        30          0          0          0          0          0   handlers.o
        36          8          0          0          0         68   init.o
        36          0          0          0          0         68   memcpya.o
        14          0          0          0          0         68   strlen.o

    ----------------------------------------------------------------------
       226         16          0          0          0        204   Library Totals
         4          0          0          0          0          0   (incl. Padding)

    ----------------------------------------------------------------------

      Code (inc. data)   RO Data    RW Data    ZI Data      Debug   Library Name

       222         16          0          0          0        204   mc_w.l

    ----------------------------------------------------------------------
       226         16          0          0          0        204   Library Totals

    ----------------------------------------------------------------------

==============================================================================


      Code (inc. data)   RO Data    RW Data    ZI Data      Debug   

     13384        790        392        364       5924     745936   Grand Totals
     13384        790        392        184       5924     745936   ELF Image Totals (compressed)
     13384        790        392        184          0          0   ROM Totals

==============================================================================

    Total RO  Size (Code + RO Data)                13776 (  13.45kB)
    Total RW  Size (RW Data + ZI Data)              6288 (   6.14kB)
    Total ROM Size (Code + RO Data + RW Data)      13960 (  13.63kB)

==============================================================================

