<html>
<body>
<pre>
<h1>µVision Build Log</h1>
<h2>Tool Versions:</h2>
IDE-Version: µVision V5.24.2.0
Copyright (C) 2017 ARM Ltd and ARM Germany GmbH. All rights reserved.
License Information: Michael Lamunion, University of Texas at Dallas, LIC=----
 
Tool Versions:
Toolchain:       MDK-Lite  Version: 5.24.1
Toolchain Path:  C:\Keil_v5\ARM\ARMCC\Bin
C Compiler:      Armcc.exe V5.06 update 5 (build 528)
Assembler:       Armasm.exe V5.06 update 5 (build 528)
Linker/Locator:  ArmLink.exe V5.06 update 5 (build 528)
Library Manager: ArmAr.exe V5.06 update 5 (build 528)
Hex Converter:   FromElf.exe V5.06 update 5 (build 528)
CPU DLL:         SARMCM3.DLL V5.24.1
Dialog DLL:      DCM.DLL V1.16.0.0
Target DLL:      Segger\JL2CM3.dll V2.99.26.0
Dialog DLL:      TCM.DLL V1.32.0.0
 
<h2>Project:</h2>
C:\Users\mdl150330\Desktop\usb\USBSerialTest\MDK-ARM\USBSerialTest.uvprojx
Project File Date:  03/02/2018

<h2>Output:</h2>
*** Using Compiler 'V5.06 update 5 (build 528)', folder: 'C:\Keil_v5\ARM\ARMCC\Bin'
Rebuild target 'USBSerialTest'
assembling startup_stm32f105xc.s...
compiling usbd_desc.c...
compiling stm32f1xx_it.c...
compiling system_stm32f1xx.c...
compiling usbd_cdc_if.c...
../Src/usbd_cdc_if.c(295): warning:  #188-D: enumerated type mixed with another type
  		HAL_GPIO_WritePin(
PIOC, 
PIO_PIN_2, 0);
../Src/usbd_cdc_if.c(297): warning:  #167-D: argument of type "char *" is incompatible with parameter of type "uint8_t *"
  		CDC_Transmit_FS(data, strlen(data));
../Src/usbd_cdc_if.c(299): warning:  #188-D: enumerated type mixed with another type
  		HAL_GPIO_WritePin(
PIOC, 
PIO_PIN_2, 1);
../Src/usbd_cdc_if.c(301): warning:  #167-D: argument of type "char *" is incompatible with parameter of type "uint8_t *"
  		CDC_Transmit_FS(data, strlen(data));
../Src/usbd_cdc_if.c: 4 warnings, 0 errors
compiling main.c...
compiling stm32f1xx_hal_msp.c...
compiling usbd_conf.c...
compiling stm32f1xx_hal_tim_ex.c...
compiling usb_device.c...
compiling usbd_cdc.c...
compiling usbd_ioreq.c...
compiling usbd_core.c...
compiling stm32f1xx_hal_flash_ex.c...
compiling usbd_ctlreq.c...
compiling stm32f1xx_hal_gpio.c...
compiling stm32f1xx_hal_pcd_ex.c...
compiling stm32f1xx_hal_gpio_ex.c...
compiling stm32f1xx_hal_dma.c...
compiling stm32f1xx_hal_rcc.c...
compiling stm32f1xx_hal_rcc_ex.c...
compiling stm32f1xx_hal.c...
compiling stm32f1xx_hal_pwr.c...
compiling stm32f1xx_hal_flash.c...
compiling stm32f1xx_hal_spi_ex.c...
compiling stm32f1xx_hal_tim.c...
compiling stm32f1xx_hal_cortex.c...
compiling stm32f1xx_hal_pcd.c...
compiling stm32f1xx_hal_usart.c...
compiling stm32f1xx_ll_usb.c...
compiling stm32f1xx_hal_iwdg.c...
compiling stm32f1xx_hal_crc.c...
compiling stm32f1xx_hal_spi.c...
linking...
Program Size: Code=13384 RO-data=392 RW-data=364 ZI-data=5924  
"USBSerialTest\USBSerialTest.axf" - 0 Error(s), 4 Warning(s).

<h2>Software Packages used:</h2>

Package Vendor: ARM
                http://www.keil.com/pack/ARM.CMSIS.5.3.0.pack
                ARM.CMSIS.5.3.0
                CMSIS (Cortex Microcontroller Software Interface Standard)
   * Component: CORE Version: 5.1.1

Package Vendor: Keil
                http://www.keil.com/pack/Keil.STM32F1xx_DFP.2.2.0.pack
                Keil.STM32F1xx_DFP.2.2.0
                STMicroelectronics STM32F1 Series Device Support, Drivers and Examples

<h2>Collection of Component include folders:</h2>
  .\RTE\_USBSerialTest
  C:\Keil_v5\ARM\PACK\ARM\CMSIS\5.3.0\CMSIS\Include
  C:\Keil_v5\ARM\PACK\Keil\STM32F1xx_DFP\2.2.0\Device\Include

<h2>Collection of Component Files used:</h2>

   * Component: ARM::CMSIS:CORE:5.1.1
Build Time Elapsed:  00:00:21
</pre>
</body>
</html>
